MPLINK 4.48, Linker
Linker Map File - Created Thu Oct 23 10:44:05 2014

                                 Section Info
                  Section       Type    Address   Location Size(Bytes)
                ---------  ---------  ---------  ---------  ---------
               _entry_scn       code   0x000000    program   0x000006
    HIGH_INTERRUPT_VECTOR       code   0x000008    program   0x000006
     LOW_INTERRUPT_VECTOR       code   0x000018    program   0x000006
    REMAPPED_RESET_VECTOR       code   0x001000    program   0x000006
      AppSignatureSection    romdata   0x001006    program   0x000002
REMAPPED_HIGH_INTERRUPT_VECTOR       code   0x001008    program   0x000006
AppVersionAndSignatureSection    romdata   0x001016    program   0x000002
REMAPPED_LOW_INTERRUPT_VECTOR       code   0x001018    program   0x000006
                   .cinit    romdata   0x00102a    program   0x00000e
       .code_usb_device.o       code   0x001038    program   0x000cf2
             .code_main.o       code   0x001d2a    program   0x000592
 .code_usb_function_cdc.o       code   0x0022bc    program   0x0003da
.romdata_usb_descriptors.o    romdata   0x002696    program   0x0000c1
.idata_usb_descriptors.o_i    romdata   0x002757    program   0x000000
      .idata_i2c_clos.o_i    romdata   0x002757    program   0x000000
      .romdata_i2c_clos.o    romdata   0x002757    program   0x000000
      .idata_fxd3232u.o_i    romdata   0x002757    program   0x000000
      .romdata_fxd3232u.o    romdata   0x002757    program   0x000000
      .idata_i2c_idle.o_i    romdata   0x002757    program   0x000000
      .romdata_i2c_idle.o    romdata   0x002757    program   0x000000
      .idata_i2c_open.o_i    romdata   0x002757    program   0x000000
      .romdata_i2c_open.o    romdata   0x002757    program   0x000000
      .romdata_i2c_puts.o    romdata   0x002757    program   0x000000
      .idata_i2c_puts.o_i    romdata   0x002757    program   0x000000
      .romdata_i2c_read.o    romdata   0x002757    program   0x000000
      .idata_i2c_read.o_i    romdata   0x002757    program   0x000000
      .romdata_i2c_gets.o    romdata   0x002757    program   0x000000
      .idata_i2c_gets.o_i    romdata   0x002757    program   0x000000
      .idata_i2c_writ.o_i    romdata   0x002757    program   0x000000
      .romdata_i2c_writ.o    romdata   0x002757    program   0x000000
        .idata___init.o_i    romdata   0x002757    program   0x000000
        .romdata___init.o    romdata   0x002757    program   0x000000
         .idata_c018i.o_i    romdata   0x002757    program   0x000000
         .romdata_c018i.o    romdata   0x002757    program   0x000000
    .idata_usb_device.o_i    romdata   0x002757    program   0x000000
    .romdata_usb_device.o    romdata   0x002757    program   0x000000
.idata_usb_function_cdc.o_i    romdata   0x002757    program   0x000000
.romdata_usb_function_cdc.o    romdata   0x002757    program   0x000000
          .romdata_main.o    romdata   0x002757    program   0x000000
             .stringtable    romdata   0x002757    program   0x000000
               _cinit_scn       code   0x002758    program   0x00009e
  .code_usb_descriptors.o       code   0x002758    program   0x000000
            .code_c018i.o       code   0x002758    program   0x000000
         .code_i2c_puts.o       code   0x0027f6    program   0x000076
         .code_i2c_gets.o       code   0x00286c    program   0x000076
         .code_i2c_writ.o       code   0x0028e2    program   0x000072
                   STRING       code   0x002954    program   0x000050
         .code_fxd3232u.o       code   0x0029a4    program   0x000048
         .code_i2c_open.o       code   0x0029ec    program   0x000036
             D10KTCYXCODE       code   0x002a22    program   0x00002e
                    .code       code   0x002a50    program   0x000020
             _startup_scn       code   0x002a70    program   0x00001c
         .code_i2c_read.o       code   0x002a8c    program   0x00001a
              D10TCYXCODE       code   0x002aa6    program   0x000016
         .code_i2c_idle.o       code   0x002abc    program   0x00000e
         .code_i2c_clos.o       code   0x002aca    program   0x000004
           .code___init.o       code   0x002ace    program   0x000002
          .idata_main.o_i    romdata   0x002ad0    program   0x00000c
    .config_300000_main.o    romdata   0x300000    program   0x000001
    .config_300001_main.o    romdata   0x300001    program   0x000001
    .config_300002_main.o    romdata   0x300002    program   0x000001
    .config_300003_main.o    romdata   0x300003    program   0x000001
    .config_300005_main.o    romdata   0x300005    program   0x000001
    .config_300006_main.o    romdata   0x300006    program   0x000001
    .config_300008_main.o    romdata   0x300008    program   0x000001
    .config_300009_main.o    romdata   0x300009    program   0x000001
    .config_30000a_main.o    romdata   0x30000a    program   0x000001
    .config_30000b_main.o    romdata   0x30000b    program   0x000001
    .config_30000c_main.o    romdata   0x30000c    program   0x000001
    .config_30000d_main.o    romdata   0x30000d    program   0x000001
                MATH_DATA      udata   0x000000       data   0x000010
                 .tmpdata      udata   0x000010       data   0x000008
                DELAYDAT2      udata   0x000018       data   0x000001
                DELAYDAT1      udata   0x000019       data   0x000001
            .udata_main.o      udata   0x000060       data   0x00008d
            .idata_main.o      idata   0x0000ed       data   0x00000c
        .udata_i2c_idle.o      udata   0x0000f9       data   0x000000
        .idata_i2c_idle.o      idata   0x0000f9       data   0x000000
        .udata_i2c_open.o      udata   0x0000f9       data   0x000000
        .idata_i2c_open.o      idata   0x0000f9       data   0x000000
        .udata_i2c_writ.o      udata   0x0000f9       data   0x000000
        .idata_i2c_writ.o      idata   0x0000f9       data   0x000000
          .udata___init.o      udata   0x0000f9       data   0x000000
          .idata___init.o      idata   0x0000f9       data   0x000000
        .udata_i2c_gets.o      udata   0x0000f9       data   0x000000
        .idata_i2c_gets.o      idata   0x0000f9       data   0x000000
        .udata_i2c_read.o      udata   0x0000f9       data   0x000000
        .idata_i2c_read.o      idata   0x0000f9       data   0x000000
        .udata_i2c_puts.o      udata   0x0000f9       data   0x000000
        .idata_i2c_puts.o      idata   0x0000f9       data   0x000000
        .idata_fxd3232u.o      idata   0x0000f9       data   0x000000
        .udata_fxd3232u.o      udata   0x0000f9       data   0x000000
        .idata_i2c_clos.o      idata   0x0000f9       data   0x000000
        .udata_i2c_clos.o      udata   0x0000f9       data   0x000000
 .idata_usb_descriptors.o      idata   0x0000f9       data   0x000000
 .udata_usb_descriptors.o      udata   0x0000f9       data   0x000000
.idata_usb_function_cdc.o      idata   0x0000f9       data   0x000000
      .idata_usb_device.o      idata   0x0000f9       data   0x000000
           .idata_c018i.o      idata   0x0000f9       data   0x000000
      .udata_usb_device.o      udata   0x000100       data   0x000035
.udata_usb_function_cdc.o      udata   0x000135       data   0x000019
           .udata_c018i.o      udata   0x00014e       data   0x00000a
                   .stack      udata   0x000300       data   0x000100
                  USB_BDT      udata   0x000400       data   0x000040
            USB_VARIABLES      udata   0x000500       data   0x000091
            SFR_UNBANKED0      udata   0x000f62       data   0x00009e



                              Program Memory Usage 
                               Start         End      
                           ---------   ---------      
                            0x000000    0x000005      
                            0x000008    0x00000d      
                            0x000018    0x00001d      
                            0x001000    0x00100d      
                            0x001016    0x00101d      
                            0x00102a    0x002756      
                            0x002758    0x002adb      
                            0x300000    0x300003      
                            0x300005    0x300006      
                            0x300008    0x30000d      
            6885 out of 33048 program addresses used, program memory utilization is 20%



                              Symbols - Sorted by Name
                     Name    Address   Location    Storage File                     
                ---------  ---------  ---------  --------- ---------                
               AppVersion   0x001016    program     extern /Users/Leonardo/Documents/Microntrolador PIC/Master i2c/exemplo usb_cdc 1/USB/Device - CDC/Firmware/main.c
                CDCInitEP   0x00235c    program     extern /Users/Leonardo/Documents/Microntrolador PIC/Master i2c/exemplo usb_cdc 1/USB/Device - CDC/Firmware/usb_function_cdc.c
             CDCTxService   0x0024f4    program     extern /Users/Leonardo/Documents/Microntrolador PIC/Master i2c/exemplo usb_cdc 1/USB/Device - CDC/Firmware/usb_function_cdc.c
                 CloseI2C   0x002aca    program     extern E:\c18v3.46\pic18-lt\cxx-framework\src\pmc_common\i2c\i2c_clos.c
                   D10K_1   0x002a2e    program     static E:\c18v3.46\pic18-lt\cxx-framework\src\traditional\delays\d10ktcyx.asm
                    D10Kl   0x002a3a    program     static E:\c18v3.46\pic18-lt\cxx-framework\src\traditional\delays\d10ktcyx.asm
                    D10Kx   0x002a2c    program     static E:\c18v3.46\pic18-lt\cxx-framework\src\traditional\delays\d10ktcyx.asm
                    D10_1   0x002ab6    program     static E:\c18v3.46\pic18-lt\cxx-framework\src\traditional\delays\d10tcyx.asm
                     D10x   0x002aae    program     static E:\c18v3.46\pic18-lt\cxx-framework\src\traditional\delays\d10tcyx.asm
             Delay10KTCYx   0x002a22    program     extern E:\c18v3.46\pic18-lt\cxx-framework\src\traditional\delays\d10ktcyx.asm
              Delay10TCYx   0x002aa6    program     extern E:\c18v3.46\pic18-lt\cxx-framework\src\traditional\delays\d10tcyx.asm
                 FXD3232U   0x0029a4    program     extern E:\c18v3.46\pic18-lt\cxx-framework\src\traditional\math\fxd3232u.c
                 High_ISR   0x000008    program     extern /Users/Leonardo/Documents/Microntrolador PIC/Master i2c/exemplo usb_cdc 1/USB/Device - CDC/Firmware/main.c
                  IdleI2C   0x002abc    program     extern E:\c18v3.46\pic18-lt\cxx-framework\src\pmc_common\i2c\i2c_idle.c
          InitializeUSART   0x001d88    program     extern /Users/Leonardo/Documents/Microntrolador PIC/Master i2c/exemplo usb_cdc 1/USB/Device - CDC/Firmware/main.c
                  Low_ISR   0x000018    program     extern /Users/Leonardo/Documents/Microntrolador PIC/Master i2c/exemplo usb_cdc 1/USB/Device - CDC/Firmware/main.c
                  OpenI2C   0x0029ec    program     extern E:\c18v3.46\pic18-lt\cxx-framework\src\pmc_common\i2c\i2c_open.c
                  ReadI2C   0x002a8c    program     extern E:\c18v3.46\pic18-lt\cxx-framework\src\pmc_common\i2c\i2c_read.c
        Remapped_High_ISR   0x001008    program     extern /Users/Leonardo/Documents/Microntrolador PIC/Master i2c/exemplo usb_cdc 1/USB/Device - CDC/Firmware/main.c
         Remapped_Low_ISR   0x001018    program     extern /Users/Leonardo/Documents/Microntrolador PIC/Master i2c/exemplo usb_cdc 1/USB/Device - CDC/Firmware/main.c
     SignaturePlaceholder   0x001006    program     extern /Users/Leonardo/Documents/Microntrolador PIC/Master i2c/exemplo usb_cdc 1/USB/Device - CDC/Firmware/main.c
       USBCBCheckOtherReq   0x001e7c    program     extern /Users/Leonardo/Documents/Microntrolador PIC/Master i2c/exemplo usb_cdc 1/USB/Device - CDC/Firmware/main.c
        USBCBErrorHandler   0x001e7a    program     extern /Users/Leonardo/Documents/Microntrolador PIC/Master i2c/exemplo usb_cdc 1/USB/Device - CDC/Firmware/main.c
              USBCBInitEP   0x001e82    program     extern /Users/Leonardo/Documents/Microntrolador PIC/Master i2c/exemplo usb_cdc 1/USB/Device - CDC/Firmware/main.c
          USBCBSendResume   0x001e86    program     extern /Users/Leonardo/Documents/Microntrolador PIC/Master i2c/exemplo usb_cdc 1/USB/Device - CDC/Firmware/main.c
    USBCBStdSetDscHandler   0x001e80    program     extern /Users/Leonardo/Documents/Microntrolador PIC/Master i2c/exemplo usb_cdc 1/USB/Device - CDC/Firmware/main.c
             USBCBSuspend   0x001e74    program     extern /Users/Leonardo/Documents/Microntrolador PIC/Master i2c/exemplo usb_cdc 1/USB/Device - CDC/Firmware/main.c
     USBCBWakeFromSuspend   0x001e76    program     extern /Users/Leonardo/Documents/Microntrolador PIC/Master i2c/exemplo usb_cdc 1/USB/Device - CDC/Firmware/main.c
        USBCB_SOF_Handler   0x001e78    program     extern /Users/Leonardo/Documents/Microntrolador PIC/Master i2c/exemplo usb_cdc 1/USB/Device - CDC/Firmware/main.c
       USBCDCEventHandler   0x0023a0    program     extern /Users/Leonardo/Documents/Microntrolador PIC/Master i2c/exemplo usb_cdc 1/USB/Device - CDC/Firmware/usb_function_cdc.c
              USBCancelIO   0x001336    program     extern /Users/Leonardo/Documents/Microntrolador PIC/Master i2c/exemplo usb_cdc 1/Microchip/USB/usb_device.c
       USBCheckCDCRequest   0x0022bc    program     extern /Users/Leonardo/Documents/Microntrolador PIC/Master i2c/exemplo usb_cdc 1/USB/Device - CDC/Firmware/usb_function_cdc.c
       USBCheckStdRequest   0x0018f6    program     static /Users/Leonardo/Documents/Microntrolador PIC/Master i2c/exemplo usb_cdc 1/Microchip/USB/usb_device.c
     USBConfigureEndpoint   0x0013f4    program     static /Users/Leonardo/Documents/Microntrolador PIC/Master i2c/exemplo usb_cdc 1/Microchip/USB/usb_device.c
  USBCtrlEPAllowDataStage   0x0013b6    program     extern /Users/Leonardo/Documents/Microntrolador PIC/Master i2c/exemplo usb_cdc 1/Microchip/USB/usb_device.c
USBCtrlEPAllowStatusStage   0x00136a    program     extern /Users/Leonardo/Documents/Microntrolador PIC/Master i2c/exemplo usb_cdc 1/Microchip/USB/usb_device.c
         USBCtrlEPService   0x0017a0    program     static /Users/Leonardo/Documents/Microntrolador PIC/Master i2c/exemplo usb_cdc 1/Microchip/USB/usb_device.c
 USBCtrlEPServiceComplete   0x001450    program     static /Users/Leonardo/Documents/Microntrolador PIC/Master i2c/exemplo usb_cdc 1/Microchip/USB/usb_device.c
      USBCtrlTrfInHandler   0x001882    program     static /Users/Leonardo/Documents/Microntrolador PIC/Master i2c/exemplo usb_cdc 1/Microchip/USB/usb_device.c
     USBCtrlTrfOutHandler   0x001864    program     static /Users/Leonardo/Documents/Microntrolador PIC/Master i2c/exemplo usb_cdc 1/Microchip/USB/usb_device.c
      USBCtrlTrfRxService   0x00152a    program     static /Users/Leonardo/Documents/Microntrolador PIC/Master i2c/exemplo usb_cdc 1/Microchip/USB/usb_device.c
   USBCtrlTrfSetupHandler   0x00182e    program     static /Users/Leonardo/Documents/Microntrolador PIC/Master i2c/exemplo usb_cdc 1/Microchip/USB/usb_device.c
      USBCtrlTrfTxService   0x0014aa    program     static /Users/Leonardo/Documents/Microntrolador PIC/Master i2c/exemplo usb_cdc 1/Microchip/USB/usb_device.c
            USBDeviceInit   0x001038    program     extern /Users/Leonardo/Documents/Microntrolador PIC/Master i2c/exemplo usb_cdc 1/Microchip/USB/usb_device.c
           USBDeviceTasks   0x0010fc    program     extern /Users/Leonardo/Documents/Microntrolador PIC/Master i2c/exemplo usb_cdc 1/Microchip/USB/usb_device.c
        USBEnableEndpoint   0x001232    program     extern /Users/Leonardo/Documents/Microntrolador PIC/Master i2c/exemplo usb_cdc 1/Microchip/USB/usb_device.c
         USBStallEndpoint   0x001306    program     extern /Users/Leonardo/Documents/Microntrolador PIC/Master i2c/exemplo usb_cdc 1/Microchip/USB/usb_device.c
          USBStallHandler   0x001754    program     static /Users/Leonardo/Documents/Microntrolador PIC/Master i2c/exemplo usb_cdc 1/Microchip/USB/usb_device.c
  USBStdFeatureReqHandler   0x00199e    program     static /Users/Leonardo/Documents/Microntrolador PIC/Master i2c/exemplo usb_cdc 1/Microchip/USB/usb_device.c
      USBStdGetDscHandler   0x001664    program     static /Users/Leonardo/Documents/Microntrolador PIC/Master i2c/exemplo usb_cdc 1/Microchip/USB/usb_device.c
   USBStdGetStatusHandler   0x0016de    program     static /Users/Leonardo/Documents/Microntrolador PIC/Master i2c/exemplo usb_cdc 1/Microchip/USB/usb_device.c
      USBStdSetCfgHandler   0x0015f2    program     static /Users/Leonardo/Documents/Microntrolador PIC/Master i2c/exemplo usb_cdc 1/Microchip/USB/usb_device.c
               USBSuspend   0x001774    program     static /Users/Leonardo/Documents/Microntrolador PIC/Master i2c/exemplo usb_cdc 1/Microchip/USB/usb_device.c
     USBTransferOnePacket   0x00127a    program     extern /Users/Leonardo/Documents/Microntrolador PIC/Master i2c/exemplo usb_cdc 1/Microchip/USB/usb_device.c
       USBWakeFromSuspend   0x001788    program     static /Users/Leonardo/Documents/Microntrolador PIC/Master i2c/exemplo usb_cdc 1/Microchip/USB/usb_device.c
               USB_CD_Ptr   0x00274f    program     extern /Users/Leonardo/Documents/Microntrolador PIC/Master i2c/exemplo usb_cdc 1/USB/Device - CDC/Firmware/usb_descriptors.c
               USB_SD_Ptr   0x002751    program     extern /Users/Leonardo/Documents/Microntrolador PIC/Master i2c/exemplo usb_cdc 1/USB/Device - CDC/Firmware/usb_descriptors.c
USER_USB_CALLBACK_EVENT_HANDLER   0x001eca    program     extern /Users/Leonardo/Documents/Microntrolador PIC/Master i2c/exemplo usb_cdc 1/USB/Device - CDC/Firmware/main.c
                 UserInit   0x001d50    program     extern /Users/Leonardo/Documents/Microntrolador PIC/Master i2c/exemplo usb_cdc 1/USB/Device - CDC/Firmware/main.c
                 WriteI2C   0x0028e2    program     extern E:\c18v3.46\pic18-lt\cxx-framework\src\pmc_common\i2c\i2c_writ.c
  YourHighPriorityISRCode   0x001d2a    program     extern /Users/Leonardo/Documents/Microntrolador PIC/Master i2c/exemplo usb_cdc 1/USB/Device - CDC/Firmware/main.c
   YourLowPriorityISRCode   0x001d2e    program     extern /Users/Leonardo/Documents/Microntrolador PIC/Master i2c/exemplo usb_cdc 1/USB/Device - CDC/Firmware/main.c
              _2jContinue   0x002974    program     static E:\c18v3.46\pic18-lt\cxx-framework\src\traditional\stdclib\memset.asm
                   _3jEnd   0x00297e    program     static E:\c18v3.46\pic18-lt\cxx-framework\src\traditional\stdclib\memset.asm
       _D10KTCYXCODE_0010   0x002a32    program     static E:\c18v3.46\pic18-lt\cxx-framework\src\traditional\delays\d10ktcyx.asm
       _D10KTCYXCODE_001C   0x002a3e    program     static E:\c18v3.46\pic18-lt\cxx-framework\src\traditional\delays\d10ktcyx.asm
        _D10TCYXCODE_000A   0x002ab0    program     static E:\c18v3.46\pic18-lt\cxx-framework\src\traditional\delays\d10tcyx.asm
        _D10TCYXCODE_000C   0x002ab2    program     static E:\c18v3.46\pic18-lt\cxx-framework\src\traditional\delays\d10tcyx.asm
        _D10TCYXCODE_000E   0x002ab4    program     static E:\c18v3.46\pic18-lt\cxx-framework\src\traditional\delays\d10tcyx.asm
       ___return_lbl00000   0x000004    program     static                          
       ___return_lbl00000   0x0029ea    program     static                          
       ___return_lbl00000   0x00000c    program     static                          
       ___return_lbl00001   0x002a8a    program     static                          
       ___return_lbl00001   0x00001c    program     static                          
       ___return_lbl00002   0x0027f4    program     static                          
       ___return_lbl00002   0x001004    program     static                          
       ___return_lbl00003   0x00100c    program     static                          
       ___return_lbl00004   0x00101c    program     static                          
               __config_0   0x300000    program     static /Users/Leonardo/Documents/Microntrolador PIC/Master i2c/exemplo usb_cdc 1/USB/Device - CDC/Firmware/main.c
               __config_1   0x300001    program     static /Users/Leonardo/Documents/Microntrolador PIC/Master i2c/exemplo usb_cdc 1/USB/Device - CDC/Firmware/main.c
              __config_10   0x30000c    program     static /Users/Leonardo/Documents/Microntrolador PIC/Master i2c/exemplo usb_cdc 1/USB/Device - CDC/Firmware/main.c
              __config_11   0x30000d    program     static /Users/Leonardo/Documents/Microntrolador PIC/Master i2c/exemplo usb_cdc 1/USB/Device - CDC/Firmware/main.c
               __config_2   0x300002    program     static /Users/Leonardo/Documents/Microntrolador PIC/Master i2c/exemplo usb_cdc 1/USB/Device - CDC/Firmware/main.c
               __config_3   0x300003    program     static /Users/Leonardo/Documents/Microntrolador PIC/Master i2c/exemplo usb_cdc 1/USB/Device - CDC/Firmware/main.c
               __config_4   0x300005    program     static /Users/Leonardo/Documents/Microntrolador PIC/Master i2c/exemplo usb_cdc 1/USB/Device - CDC/Firmware/main.c
               __config_5   0x300006    program     static /Users/Leonardo/Documents/Microntrolador PIC/Master i2c/exemplo usb_cdc 1/USB/Device - CDC/Firmware/main.c
               __config_6   0x300008    program     static /Users/Leonardo/Documents/Microntrolador PIC/Master i2c/exemplo usb_cdc 1/USB/Device - CDC/Firmware/main.c
               __config_7   0x300009    program     static /Users/Leonardo/Documents/Microntrolador PIC/Master i2c/exemplo usb_cdc 1/USB/Device - CDC/Firmware/main.c
               __config_8   0x30000a    program     static /Users/Leonardo/Documents/Microntrolador PIC/Master i2c/exemplo usb_cdc 1/USB/Device - CDC/Firmware/main.c
               __config_9   0x30000b    program     static /Users/Leonardo/Documents/Microntrolador PIC/Master i2c/exemplo usb_cdc 1/USB/Device - CDC/Firmware/main.c
                   __init   0x002ace    program     extern E:\c18v3.46\pic18-lt\cxx-framework\src\traditional\stdclib\__init.c
                   __pa_0   0x0025ce    program     static /Users/Leonardo/Documents/Microntrolador PIC/Master i2c/exemplo usb_cdc 1/USB/Device - CDC/Firmware/usb_function_cdc.c
                   __pa_0   0x00223a    program     static /Users/Leonardo/Documents/Microntrolador PIC/Master i2c/exemplo usb_cdc 1/USB/Device - CDC/Firmware/main.c
                   __pa_0   0x00285c    program     static E:\c18v3.46\pic18-lt\cxx-framework\src\pmc_common\i2c\i2c_puts.c
                   __pa_0   0x001ac8    program     static /Users/Leonardo/Documents/Microntrolador PIC/Master i2c/exemplo usb_cdc 1/Microchip/USB/usb_device.c
                   __pa_1   0x001ad0    program     static /Users/Leonardo/Documents/Microntrolador PIC/Master i2c/exemplo usb_cdc 1/Microchip/USB/usb_device.c
                   __pa_1   0x0025e8    program     static /Users/Leonardo/Documents/Microntrolador PIC/Master i2c/exemplo usb_cdc 1/USB/Device - CDC/Firmware/usb_function_cdc.c
                   __pa_1   0x002244    program     static /Users/Leonardo/Documents/Microntrolador PIC/Master i2c/exemplo usb_cdc 1/USB/Device - CDC/Firmware/main.c
                  __pa_10   0x001b2e    program     static /Users/Leonardo/Documents/Microntrolador PIC/Master i2c/exemplo usb_cdc 1/Microchip/USB/usb_device.c
                  __pa_10   0x00266a    program     static /Users/Leonardo/Documents/Microntrolador PIC/Master i2c/exemplo usb_cdc 1/USB/Device - CDC/Firmware/usb_function_cdc.c
                  __pa_11   0x001b3e    program     static /Users/Leonardo/Documents/Microntrolador PIC/Master i2c/exemplo usb_cdc 1/Microchip/USB/usb_device.c
                  __pa_11   0x00267c    program     static /Users/Leonardo/Documents/Microntrolador PIC/Master i2c/exemplo usb_cdc 1/USB/Device - CDC/Firmware/usb_function_cdc.c
                  __pa_12   0x00268a    program     static /Users/Leonardo/Documents/Microntrolador PIC/Master i2c/exemplo usb_cdc 1/USB/Device - CDC/Firmware/usb_function_cdc.c
                  __pa_12   0x001b48    program     static /Users/Leonardo/Documents/Microntrolador PIC/Master i2c/exemplo usb_cdc 1/Microchip/USB/usb_device.c
                  __pa_13   0x001b5c    program     static /Users/Leonardo/Documents/Microntrolador PIC/Master i2c/exemplo usb_cdc 1/Microchip/USB/usb_device.c
                  __pa_14   0x001b70    program     static /Users/Leonardo/Documents/Microntrolador PIC/Master i2c/exemplo usb_cdc 1/Microchip/USB/usb_device.c
                  __pa_15   0x001b7c    program     static /Users/Leonardo/Documents/Microntrolador PIC/Master i2c/exemplo usb_cdc 1/Microchip/USB/usb_device.c
                  __pa_16   0x001b96    program     static /Users/Leonardo/Documents/Microntrolador PIC/Master i2c/exemplo usb_cdc 1/Microchip/USB/usb_device.c
                  __pa_17   0x001ba2    program     static /Users/Leonardo/Documents/Microntrolador PIC/Master i2c/exemplo usb_cdc 1/Microchip/USB/usb_device.c
                  __pa_18   0x001bae    program     static /Users/Leonardo/Documents/Microntrolador PIC/Master i2c/exemplo usb_cdc 1/Microchip/USB/usb_device.c
                  __pa_19   0x001bb6    program     static /Users/Leonardo/Documents/Microntrolador PIC/Master i2c/exemplo usb_cdc 1/Microchip/USB/usb_device.c
                   __pa_2   0x00224c    program     static /Users/Leonardo/Documents/Microntrolador PIC/Master i2c/exemplo usb_cdc 1/USB/Device - CDC/Firmware/main.c
                   __pa_2   0x0025f8    program     static /Users/Leonardo/Documents/Microntrolador PIC/Master i2c/exemplo usb_cdc 1/USB/Device - CDC/Firmware/usb_function_cdc.c
                   __pa_2   0x001ada    program     static /Users/Leonardo/Documents/Microntrolador PIC/Master i2c/exemplo usb_cdc 1/Microchip/USB/usb_device.c
                  __pa_20   0x001bbe    program     static /Users/Leonardo/Documents/Microntrolador PIC/Master i2c/exemplo usb_cdc 1/Microchip/USB/usb_device.c
                  __pa_21   0x001bca    program     static /Users/Leonardo/Documents/Microntrolador PIC/Master i2c/exemplo usb_cdc 1/Microchip/USB/usb_device.c
                  __pa_22   0x001bda    program     static /Users/Leonardo/Documents/Microntrolador PIC/Master i2c/exemplo usb_cdc 1/Microchip/USB/usb_device.c
                  __pa_23   0x001bea    program     static /Users/Leonardo/Documents/Microntrolador PIC/Master i2c/exemplo usb_cdc 1/Microchip/USB/usb_device.c
                  __pa_24   0x001bf8    program     static /Users/Leonardo/Documents/Microntrolador PIC/Master i2c/exemplo usb_cdc 1/Microchip/USB/usb_device.c
                  __pa_25   0x001c06    program     static /Users/Leonardo/Documents/Microntrolador PIC/Master i2c/exemplo usb_cdc 1/Microchip/USB/usb_device.c
                  __pa_26   0x001c14    program     static /Users/Leonardo/Documents/Microntrolador PIC/Master i2c/exemplo usb_cdc 1/Microchip/USB/usb_device.c
                  __pa_27   0x001c22    program     static /Users/Leonardo/Documents/Microntrolador PIC/Master i2c/exemplo usb_cdc 1/Microchip/USB/usb_device.c
                  __pa_28   0x001c30    program     static /Users/Leonardo/Documents/Microntrolador PIC/Master i2c/exemplo usb_cdc 1/Microchip/USB/usb_device.c
                  __pa_29   0x001c3a    program     static /Users/Leonardo/Documents/Microntrolador PIC/Master i2c/exemplo usb_cdc 1/Microchip/USB/usb_device.c
                   __pa_3   0x001ae2    program     static /Users/Leonardo/Documents/Microntrolador PIC/Master i2c/exemplo usb_cdc 1/Microchip/USB/usb_device.c
                   __pa_3   0x00260a    program     static /Users/Leonardo/Documents/Microntrolador PIC/Master i2c/exemplo usb_cdc 1/USB/Device - CDC/Firmware/usb_function_cdc.c
                   __pa_3   0x002256    program     static /Users/Leonardo/Documents/Microntrolador PIC/Master i2c/exemplo usb_cdc 1/USB/Device - CDC/Firmware/main.c
                  __pa_30   0x001c44    program     static /Users/Leonardo/Documents/Microntrolador PIC/Master i2c/exemplo usb_cdc 1/Microchip/USB/usb_device.c
                  __pa_31   0x001c5c    program     static /Users/Leonardo/Documents/Microntrolador PIC/Master i2c/exemplo usb_cdc 1/Microchip/USB/usb_device.c
                  __pa_32   0x001c68    program     static /Users/Leonardo/Documents/Microntrolador PIC/Master i2c/exemplo usb_cdc 1/Microchip/USB/usb_device.c
                  __pa_33   0x001c70    program     static /Users/Leonardo/Documents/Microntrolador PIC/Master i2c/exemplo usb_cdc 1/Microchip/USB/usb_device.c
                  __pa_34   0x001c84    program     static /Users/Leonardo/Documents/Microntrolador PIC/Master i2c/exemplo usb_cdc 1/Microchip/USB/usb_device.c
                  __pa_35   0x001c92    program     static /Users/Leonardo/Documents/Microntrolador PIC/Master i2c/exemplo usb_cdc 1/Microchip/USB/usb_device.c
                  __pa_36   0x001c9c    program     static /Users/Leonardo/Documents/Microntrolador PIC/Master i2c/exemplo usb_cdc 1/Microchip/USB/usb_device.c
                  __pa_37   0x001ca6    program     static /Users/Leonardo/Documents/Microntrolador PIC/Master i2c/exemplo usb_cdc 1/Microchip/USB/usb_device.c
                  __pa_38   0x001cac    program     static /Users/Leonardo/Documents/Microntrolador PIC/Master i2c/exemplo usb_cdc 1/Microchip/USB/usb_device.c
                  __pa_39   0x001cb4    program     static /Users/Leonardo/Documents/Microntrolador PIC/Master i2c/exemplo usb_cdc 1/Microchip/USB/usb_device.c
                   __pa_4   0x002624    program     static /Users/Leonardo/Documents/Microntrolador PIC/Master i2c/exemplo usb_cdc 1/USB/Device - CDC/Firmware/usb_function_cdc.c
                   __pa_4   0x00226a    program     static /Users/Leonardo/Documents/Microntrolador PIC/Master i2c/exemplo usb_cdc 1/USB/Device - CDC/Firmware/main.c
                   __pa_4   0x001aec    program     static /Users/Leonardo/Documents/Microntrolador PIC/Master i2c/exemplo usb_cdc 1/Microchip/USB/usb_device.c
                  __pa_40   0x001cc0    program     static /Users/Leonardo/Documents/Microntrolador PIC/Master i2c/exemplo usb_cdc 1/Microchip/USB/usb_device.c
                  __pa_41   0x001cc6    program     static /Users/Leonardo/Documents/Microntrolador PIC/Master i2c/exemplo usb_cdc 1/Microchip/USB/usb_device.c
                  __pa_42   0x001cd4    program     static /Users/Leonardo/Documents/Microntrolador PIC/Master i2c/exemplo usb_cdc 1/Microchip/USB/usb_device.c
                  __pa_43   0x001ce2    program     static /Users/Leonardo/Documents/Microntrolador PIC/Master i2c/exemplo usb_cdc 1/Microchip/USB/usb_device.c
                  __pa_44   0x001cf0    program     static /Users/Leonardo/Documents/Microntrolador PIC/Master i2c/exemplo usb_cdc 1/Microchip/USB/usb_device.c
                  __pa_45   0x001cfa    program     static /Users/Leonardo/Documents/Microntrolador PIC/Master i2c/exemplo usb_cdc 1/Microchip/USB/usb_device.c
                  __pa_46   0x001d04    program     static /Users/Leonardo/Documents/Microntrolador PIC/Master i2c/exemplo usb_cdc 1/Microchip/USB/usb_device.c
                  __pa_47   0x001d0c    program     static /Users/Leonardo/Documents/Microntrolador PIC/Master i2c/exemplo usb_cdc 1/Microchip/USB/usb_device.c
                  __pa_48   0x001d18    program     static /Users/Leonardo/Documents/Microntrolador PIC/Master i2c/exemplo usb_cdc 1/Microchip/USB/usb_device.c
                  __pa_49   0x001d22    program     static /Users/Leonardo/Documents/Microntrolador PIC/Master i2c/exemplo usb_cdc 1/Microchip/USB/usb_device.c
                   __pa_5   0x00262e    program     static /Users/Leonardo/Documents/Microntrolador PIC/Master i2c/exemplo usb_cdc 1/USB/Device - CDC/Firmware/usb_function_cdc.c
                   __pa_5   0x001af6    program     static /Users/Leonardo/Documents/Microntrolador PIC/Master i2c/exemplo usb_cdc 1/Microchip/USB/usb_device.c
                   __pa_5   0x00227a    program     static /Users/Leonardo/Documents/Microntrolador PIC/Master i2c/exemplo usb_cdc 1/USB/Device - CDC/Firmware/main.c
                   __pa_6   0x002636    program     static /Users/Leonardo/Documents/Microntrolador PIC/Master i2c/exemplo usb_cdc 1/USB/Device - CDC/Firmware/usb_function_cdc.c
                   __pa_6   0x002284    program     static /Users/Leonardo/Documents/Microntrolador PIC/Master i2c/exemplo usb_cdc 1/USB/Device - CDC/Firmware/main.c
                   __pa_6   0x001b00    program     static /Users/Leonardo/Documents/Microntrolador PIC/Master i2c/exemplo usb_cdc 1/Microchip/USB/usb_device.c
                   __pa_7   0x002292    program     static /Users/Leonardo/Documents/Microntrolador PIC/Master i2c/exemplo usb_cdc 1/USB/Device - CDC/Firmware/main.c
                   __pa_7   0x002644    program     static /Users/Leonardo/Documents/Microntrolador PIC/Master i2c/exemplo usb_cdc 1/USB/Device - CDC/Firmware/usb_function_cdc.c
                   __pa_7   0x001b08    program     static /Users/Leonardo/Documents/Microntrolador PIC/Master i2c/exemplo usb_cdc 1/Microchip/USB/usb_device.c
                   __pa_8   0x0022a0    program     static /Users/Leonardo/Documents/Microntrolador PIC/Master i2c/exemplo usb_cdc 1/USB/Device - CDC/Firmware/main.c
                   __pa_8   0x002652    program     static /Users/Leonardo/Documents/Microntrolador PIC/Master i2c/exemplo usb_cdc 1/USB/Device - CDC/Firmware/usb_function_cdc.c
                   __pa_8   0x001b18    program     static /Users/Leonardo/Documents/Microntrolador PIC/Master i2c/exemplo usb_cdc 1/Microchip/USB/usb_device.c
                   __pa_9   0x001b22    program     static /Users/Leonardo/Documents/Microntrolador PIC/Master i2c/exemplo usb_cdc 1/Microchip/USB/usb_device.c
                   __pa_9   0x0022ae    program     static /Users/Leonardo/Documents/Microntrolador PIC/Master i2c/exemplo usb_cdc 1/USB/Device - CDC/Firmware/main.c
                   __pa_9   0x002660    program     static /Users/Leonardo/Documents/Microntrolador PIC/Master i2c/exemplo usb_cdc 1/USB/Device - CDC/Firmware/usb_function_cdc.c
              __tmplbl_24   0x001b00    program     static                          
              __tmplbl_34   0x001b00    program     static                          
              __tmplbl_37   0x001b00    program     static                          
              __tmplbl_38   0x001b00    program     static                          
            __zero_memory   0x002a50    program     extern E:\c18v3.46\pic18-lt\cxx-framework\src\traditional\proc\p18f4550.asm
                _do_cinit   0x002758    program     extern E:\c18v3.46\pic18-lt\cxx-framework\src\traditional\startup\c018i.c
                   _entry   0x000000    program     extern E:\c18v3.46\pic18-lt\cxx-framework\src\traditional\startup\c018i.c
                   _false   0x0029e6    program     static                          
                   _reset   0x001000    program     extern /Users/Leonardo/Documents/Microntrolador PIC/Master i2c/exemplo usb_cdc 1/USB/Device - CDC/Firmware/main.c
                 _startup   0x002a70    program     extern E:\c18v3.46\pic18-lt\cxx-framework\src\traditional\startup\c018i.c
                   atraso   0x001ff4    program     extern /Users/Leonardo/Documents/Microntrolador PIC/Master i2c/exemplo usb_cdc 1/USB/Device - CDC/Firmware/main.c
                 atraso60   0x001ffc    program     extern /Users/Leonardo/Documents/Microntrolador PIC/Master i2c/exemplo usb_cdc 1/USB/Device - CDC/Firmware/main.c
                 atraso70   0x002000    program     extern /Users/Leonardo/Documents/Microntrolador PIC/Master i2c/exemplo usb_cdc 1/USB/Device - CDC/Firmware/main.c
                compare_l   0x002a66    program     static E:\c18v3.46\pic18-lt\cxx-framework\src\traditional\proc\p18f4550.asm
        configDescriptor1   0x0026a8    program     extern /Users/Leonardo/Documents/Microntrolador PIC/Master i2c/exemplo usb_cdc 1/USB/Device - CDC/Firmware/usb_descriptors.c
                copy_loop   0x0027ca    program     static                          
            copy_one_byte   0x0027d0    program     static                          
                   delaay   0x001ff8    program     extern /Users/Leonardo/Documents/Microntrolador PIC/Master i2c/exemplo usb_cdc 1/USB/Device - CDC/Firmware/main.c
               device_dsc   0x002696    program     extern /Users/Leonardo/Documents/Microntrolador PIC/Master i2c/exemplo usb_cdc 1/USB/Device - CDC/Firmware/usb_descriptors.c
                     done   0x0027f4    program     static                          
             done_copying   0x0027de    program     static                          
                enviarUSB   0x002004    program     extern /Users/Leonardo/Documents/Microntrolador PIC/Master i2c/exemplo usb_cdc 1/USB/Device - CDC/Firmware/main.c
                getcUSART   0x001e58    program     extern /Users/Leonardo/Documents/Microntrolador PIC/Master i2c/exemplo usb_cdc 1/USB/Device - CDC/Firmware/main.c
                  getsI2C   0x00286c    program     extern E:\c18v3.46\pic18-lt\cxx-framework\src\pmc_common\i2c\i2c_gets.c
             getsUSBUSART   0x0023dc    program     extern /Users/Leonardo/Documents/Microntrolador PIC/Master i2c/exemplo usb_cdc 1/USB/Device - CDC/Firmware/usb_function_cdc.c
           inicializa_pic   0x001d46    program     static /Users/Leonardo/Documents/Microntrolador PIC/Master i2c/exemplo usb_cdc 1/USB/Device - CDC/Firmware/main.c
                     jEnd   0x002986    program     static E:\c18v3.46\pic18-lt\cxx-framework\src\traditional\stdclib\memset.asm
                     jEnd   0x0029a2    program     static E:\c18v3.46\pic18-lt\cxx-framework\src\traditional\stdclib\strlen.asm
                    jLoop   0x002968    program     static E:\c18v3.46\pic18-lt\cxx-framework\src\traditional\stdclib\memset.asm
                    jLoop   0x002998    program     static E:\c18v3.46\pic18-lt\cxx-framework\src\traditional\stdclib\strlen.asm
                     loop   0x002a80    program     static                          
                     loop   0x0029b2    program     static                          
                   loop_h   0x002a5e    program     static E:\c18v3.46\pic18-lt\cxx-framework\src\traditional\proc\p18f4550.asm
                   loop_l   0x002a68    program     static E:\c18v3.46\pic18-lt\cxx-framework\src\traditional\proc\p18f4550.asm
                     main   0x002042    program     extern /Users/Leonardo/Documents/Microntrolador PIC/Master i2c/exemplo usb_cdc 1/USB/Device - CDC/Firmware/main.c
                   memset   0x002954    program     extern E:\c18v3.46\pic18-lt\cxx-framework\src\traditional\stdclib\memset.asm
   mySetLineCodingHandler   0x001db6    program     extern /Users/Leonardo/Documents/Microntrolador PIC/Master i2c/exemplo usb_cdc 1/USB/Device - CDC/Firmware/main.c
              putUSBUSART   0x00245a    program     extern /Users/Leonardo/Documents/Microntrolador PIC/Master i2c/exemplo usb_cdc 1/USB/Device - CDC/Firmware/usb_function_cdc.c
                putcUSART   0x001dac    program     extern /Users/Leonardo/Documents/Microntrolador PIC/Master i2c/exemplo usb_cdc 1/USB/Device - CDC/Firmware/main.c
            putrsUSBUSART   0x0024b2    program     extern /Users/Leonardo/Documents/Microntrolador PIC/Master i2c/exemplo usb_cdc 1/USB/Device - CDC/Firmware/usb_function_cdc.c
                  putsI2C   0x0027f6    program     extern E:\c18v3.46\pic18-lt\cxx-framework\src\pmc_common\i2c\i2c_puts.c
             putsUSBUSART   0x002472    program     extern /Users/Leonardo/Documents/Microntrolador PIC/Master i2c/exemplo usb_cdc 1/USB/Device - CDC/Firmware/usb_function_cdc.c
               recebe_usb   0x001f52    program     extern /Users/Leonardo/Documents/Microntrolador PIC/Master i2c/exemplo usb_cdc 1/USB/Device - CDC/Firmware/main.c
           recebe_usb_i2c   0x001fb0    program     extern /Users/Leonardo/Documents/Microntrolador PIC/Master i2c/exemplo usb_cdc 1/USB/Device - CDC/Firmware/main.c
                    sd000   0x0026eb    program     extern /Users/Leonardo/Documents/Microntrolador PIC/Master i2c/exemplo usb_cdc 1/USB/Device - CDC/Firmware/usb_descriptors.c
                    sd001   0x0026ef    program     extern /Users/Leonardo/Documents/Microntrolador PIC/Master i2c/exemplo usb_cdc 1/USB/Device - CDC/Firmware/usb_descriptors.c
                    sd002   0x002723    program     extern /Users/Leonardo/Documents/Microntrolador PIC/Master i2c/exemplo usb_cdc 1/USB/Device - CDC/Firmware/usb_descriptors.c
                   strlen   0x002988    program     extern E:\c18v3.46\pic18-lt\cxx-framework\src\traditional\stdclib\strlen.asm
                     test   0x002772    program     static                          
               zero_block   0x002a5e    program     static E:\c18v3.46\pic18-lt\cxx-framework\src\traditional\proc\p18f4550.asm
                   ADCON0   0x000fc2       data     extern E:\c18v3.46\pic18-lt\cxx-framework\src\traditional\proc\p18f4550.asm
               ADCON0bits   0x000fc2       data     extern E:\c18v3.46\pic18-lt\cxx-framework\src\traditional\proc\p18f4550.asm
                   ADCON1   0x000fc1       data     extern E:\c18v3.46\pic18-lt\cxx-framework\src\traditional\proc\p18f4550.asm
               ADCON1bits   0x000fc1       data     extern E:\c18v3.46\pic18-lt\cxx-framework\src\traditional\proc\p18f4550.asm
                   ADCON2   0x000fc0       data     extern E:\c18v3.46\pic18-lt\cxx-framework\src\traditional\proc\p18f4550.asm
               ADCON2bits   0x000fc0       data     extern E:\c18v3.46\pic18-lt\cxx-framework\src\traditional\proc\p18f4550.asm
                    ADRES   0x000fc3       data     extern E:\c18v3.46\pic18-lt\cxx-framework\src\traditional\proc\p18f4550.asm
                   ADRESH   0x000fc4       data     extern E:\c18v3.46\pic18-lt\cxx-framework\src\traditional\proc\p18f4550.asm
                   ADRESL   0x000fc3       data     extern E:\c18v3.46\pic18-lt\cxx-framework\src\traditional\proc\p18f4550.asm
                  BAUDCON   0x000fb8       data     extern E:\c18v3.46\pic18-lt\cxx-framework\src\traditional\proc\p18f4550.asm
              BAUDCONbits   0x000fb8       data     extern E:\c18v3.46\pic18-lt\cxx-framework\src\traditional\proc\p18f4550.asm
                  BAUDCTL   0x000fb8       data     extern E:\c18v3.46\pic18-lt\cxx-framework\src\traditional\proc\p18f4550.asm
              BAUDCTLbits   0x000fb8       data     extern E:\c18v3.46\pic18-lt\cxx-framework\src\traditional\proc\p18f4550.asm
                      BDT   0x000400       data     extern /Users/Leonardo/Documents/Microntrolador PIC/Master i2c/exemplo usb_cdc 1/Microchip/USB/usb_device.c
                      BSR   0x000fe0       data     extern E:\c18v3.46\pic18-lt\cxx-framework\src\traditional\proc\p18f4550.asm
              BaudRateGen   0x000142       data     extern /Users/Leonardo/Documents/Microntrolador PIC/Master i2c/exemplo usb_cdc 1/USB/Device - CDC/Firmware/usb_function_cdc.c
       BothEP0OutUOWNsSet   0x000128       data     extern /Users/Leonardo/Documents/Microntrolador PIC/Master i2c/exemplo usb_cdc 1/Microchip/USB/usb_device.c
                   CCP1AS   0x000fb6       data     extern E:\c18v3.46\pic18-lt\cxx-framework\src\traditional\proc\p18f4550.asm
               CCP1ASbits   0x000fb6       data     extern E:\c18v3.46\pic18-lt\cxx-framework\src\traditional\proc\p18f4550.asm
                  CCP1CON   0x000fbd       data     extern E:\c18v3.46\pic18-lt\cxx-framework\src\traditional\proc\p18f4550.asm
              CCP1CONbits   0x000fbd       data     extern E:\c18v3.46\pic18-lt\cxx-framework\src\traditional\proc\p18f4550.asm
                  CCP1DEL   0x000fb7       data     extern E:\c18v3.46\pic18-lt\cxx-framework\src\traditional\proc\p18f4550.asm
              CCP1DELbits   0x000fb7       data     extern E:\c18v3.46\pic18-lt\cxx-framework\src\traditional\proc\p18f4550.asm
                  CCP2CON   0x000fba       data     extern E:\c18v3.46\pic18-lt\cxx-framework\src\traditional\proc\p18f4550.asm
              CCP2CONbits   0x000fba       data     extern E:\c18v3.46\pic18-lt\cxx-framework\src\traditional\proc\p18f4550.asm
                    CCPR1   0x000fbe       data     extern E:\c18v3.46\pic18-lt\cxx-framework\src\traditional\proc\p18f4550.asm
                   CCPR1H   0x000fbf       data     extern E:\c18v3.46\pic18-lt\cxx-framework\src\traditional\proc\p18f4550.asm
                   CCPR1L   0x000fbe       data     extern E:\c18v3.46\pic18-lt\cxx-framework\src\traditional\proc\p18f4550.asm
                    CCPR2   0x000fbb       data     extern E:\c18v3.46\pic18-lt\cxx-framework\src\traditional\proc\p18f4550.asm
                   CCPR2H   0x000fbc       data     extern E:\c18v3.46\pic18-lt\cxx-framework\src\traditional\proc\p18f4550.asm
                   CCPR2L   0x000fbb       data     extern E:\c18v3.46\pic18-lt\cxx-framework\src\traditional\proc\p18f4550.asm
          CDCDataInHandle   0x00013f       data     extern /Users/Leonardo/Documents/Microntrolador PIC/Master i2c/exemplo usb_cdc 1/USB/Device - CDC/Firmware/usb_function_cdc.c
         CDCDataOutHandle   0x00013d       data     extern /Users/Leonardo/Documents/Microntrolador PIC/Master i2c/exemplo usb_cdc 1/USB/Device - CDC/Firmware/usb_function_cdc.c
                    CMCON   0x000fb4       data     extern E:\c18v3.46\pic18-lt\cxx-framework\src\traditional\proc\p18f4550.asm
                CMCONbits   0x000fb4       data     extern E:\c18v3.46\pic18-lt\cxx-framework\src\traditional\proc\p18f4550.asm
                   CVRCON   0x000fb5       data     extern E:\c18v3.46\pic18-lt\cxx-framework\src\traditional\proc\p18f4550.asm
               CVRCONbits   0x000fb5       data     extern E:\c18v3.46\pic18-lt\cxx-framework\src\traditional\proc\p18f4550.asm
              CtrlTrfData   0x000438       data     extern /Users/Leonardo/Documents/Microntrolador PIC/Master i2c/exemplo usb_cdc 1/Microchip/USB/usb_device.c
                     DDRA   0x000f92       data     extern E:\c18v3.46\pic18-lt\cxx-framework\src\traditional\proc\p18f4550.asm
                 DDRAbits   0x000f92       data     extern E:\c18v3.46\pic18-lt\cxx-framework\src\traditional\proc\p18f4550.asm
                     DDRB   0x000f93       data     extern E:\c18v3.46\pic18-lt\cxx-framework\src\traditional\proc\p18f4550.asm
                 DDRBbits   0x000f93       data     extern E:\c18v3.46\pic18-lt\cxx-framework\src\traditional\proc\p18f4550.asm
                     DDRC   0x000f94       data     extern E:\c18v3.46\pic18-lt\cxx-framework\src\traditional\proc\p18f4550.asm
                 DDRCbits   0x000f94       data     extern E:\c18v3.46\pic18-lt\cxx-framework\src\traditional\proc\p18f4550.asm
                     DDRD   0x000f95       data     extern E:\c18v3.46\pic18-lt\cxx-framework\src\traditional\proc\p18f4550.asm
                 DDRDbits   0x000f95       data     extern E:\c18v3.46\pic18-lt\cxx-framework\src\traditional\proc\p18f4550.asm
                     DDRE   0x000f96       data     extern E:\c18v3.46\pic18-lt\cxx-framework\src\traditional\proc\p18f4550.asm
                 DDREbits   0x000f96       data     extern E:\c18v3.46\pic18-lt\cxx-framework\src\traditional\proc\p18f4550.asm
            DelayCounter1   0x000019       data     extern E:\c18v3.46\pic18-lt\cxx-framework\src\traditional\delays\delayd1.asm
            DelayCounter2   0x000018       data     extern E:\c18v3.46\pic18-lt\cxx-framework\src\traditional\delays\delayd2.asm
                  ECCP1AS   0x000fb6       data     extern E:\c18v3.46\pic18-lt\cxx-framework\src\traditional\proc\p18f4550.asm
              ECCP1ASbits   0x000fb6       data     extern E:\c18v3.46\pic18-lt\cxx-framework\src\traditional\proc\p18f4550.asm
                 ECCP1CON   0x000fbd       data     extern E:\c18v3.46\pic18-lt\cxx-framework\src\traditional\proc\p18f4550.asm
             ECCP1CONbits   0x000fbd       data     extern E:\c18v3.46\pic18-lt\cxx-framework\src\traditional\proc\p18f4550.asm
                 ECCP1DEL   0x000fb7       data     extern E:\c18v3.46\pic18-lt\cxx-framework\src\traditional\proc\p18f4550.asm
             ECCP1DELbits   0x000fb7       data     extern E:\c18v3.46\pic18-lt\cxx-framework\src\traditional\proc\p18f4550.asm
                    EEADR   0x000fa9       data     extern E:\c18v3.46\pic18-lt\cxx-framework\src\traditional\proc\p18f4550.asm
                   EECON1   0x000fa6       data     extern E:\c18v3.46\pic18-lt\cxx-framework\src\traditional\proc\p18f4550.asm
               EECON1bits   0x000fa6       data     extern E:\c18v3.46\pic18-lt\cxx-framework\src\traditional\proc\p18f4550.asm
                   EECON2   0x000fa7       data     extern E:\c18v3.46\pic18-lt\cxx-framework\src\traditional\proc\p18f4550.asm
                   EEDATA   0x000fa8       data     extern E:\c18v3.46\pic18-lt\cxx-framework\src\traditional\proc\p18f4550.asm
                     FSR0   0x000fe9       data     extern E:\c18v3.46\pic18-lt\cxx-framework\src\traditional\proc\p18f4550.asm
                    FSR0H   0x000fea       data     extern E:\c18v3.46\pic18-lt\cxx-framework\src\traditional\proc\p18f4550.asm
                    FSR0L   0x000fe9       data     extern E:\c18v3.46\pic18-lt\cxx-framework\src\traditional\proc\p18f4550.asm
                     FSR1   0x000fe1       data     extern E:\c18v3.46\pic18-lt\cxx-framework\src\traditional\proc\p18f4550.asm
                    FSR1H   0x000fe2       data     extern E:\c18v3.46\pic18-lt\cxx-framework\src\traditional\proc\p18f4550.asm
                    FSR1L   0x000fe1       data     extern E:\c18v3.46\pic18-lt\cxx-framework\src\traditional\proc\p18f4550.asm
                     FSR2   0x000fd9       data     extern E:\c18v3.46\pic18-lt\cxx-framework\src\traditional\proc\p18f4550.asm
                    FSR2H   0x000fda       data     extern E:\c18v3.46\pic18-lt\cxx-framework\src\traditional\proc\p18f4550.asm
                    FSR2L   0x000fd9       data     extern E:\c18v3.46\pic18-lt\cxx-framework\src\traditional\proc\p18f4550.asm
                  HLVDCON   0x000fd2       data     extern E:\c18v3.46\pic18-lt\cxx-framework\src\traditional\proc\p18f4550.asm
              HLVDCONbits   0x000fd2       data     extern E:\c18v3.46\pic18-lt\cxx-framework\src\traditional\proc\p18f4550.asm
                    INDF0   0x000fef       data     extern E:\c18v3.46\pic18-lt\cxx-framework\src\traditional\proc\p18f4550.asm
                    INDF1   0x000fe7       data     extern E:\c18v3.46\pic18-lt\cxx-framework\src\traditional\proc\p18f4550.asm
                    INDF2   0x000fdf       data     extern E:\c18v3.46\pic18-lt\cxx-framework\src\traditional\proc\p18f4550.asm
                   INTCON   0x000ff2       data     extern E:\c18v3.46\pic18-lt\cxx-framework\src\traditional\proc\p18f4550.asm
                  INTCON2   0x000ff1       data     extern E:\c18v3.46\pic18-lt\cxx-framework\src\traditional\proc\p18f4550.asm
              INTCON2bits   0x000ff1       data     extern E:\c18v3.46\pic18-lt\cxx-framework\src\traditional\proc\p18f4550.asm
                  INTCON3   0x000ff0       data     extern E:\c18v3.46\pic18-lt\cxx-framework\src\traditional\proc\p18f4550.asm
              INTCON3bits   0x000ff0       data     extern E:\c18v3.46\pic18-lt\cxx-framework\src\traditional\proc\p18f4550.asm
               INTCONbits   0x000ff2       data     extern E:\c18v3.46\pic18-lt\cxx-framework\src\traditional\proc\p18f4550.asm
                     IPR1   0x000f9f       data     extern E:\c18v3.46\pic18-lt\cxx-framework\src\traditional\proc\p18f4550.asm
                 IPR1bits   0x000f9f       data     extern E:\c18v3.46\pic18-lt\cxx-framework\src\traditional\proc\p18f4550.asm
                     IPR2   0x000fa2       data     extern E:\c18v3.46\pic18-lt\cxx-framework\src\traditional\proc\p18f4550.asm
                 IPR2bits   0x000fa2       data     extern E:\c18v3.46\pic18-lt\cxx-framework\src\traditional\proc\p18f4550.asm
                     LATA   0x000f89       data     extern E:\c18v3.46\pic18-lt\cxx-framework\src\traditional\proc\p18f4550.asm
                 LATAbits   0x000f89       data     extern E:\c18v3.46\pic18-lt\cxx-framework\src\traditional\proc\p18f4550.asm
                     LATB   0x000f8a       data     extern E:\c18v3.46\pic18-lt\cxx-framework\src\traditional\proc\p18f4550.asm
                 LATBbits   0x000f8a       data     extern E:\c18v3.46\pic18-lt\cxx-framework\src\traditional\proc\p18f4550.asm
                     LATC   0x000f8b       data     extern E:\c18v3.46\pic18-lt\cxx-framework\src\traditional\proc\p18f4550.asm
                 LATCbits   0x000f8b       data     extern E:\c18v3.46\pic18-lt\cxx-framework\src\traditional\proc\p18f4550.asm
                     LATD   0x000f8c       data     extern E:\c18v3.46\pic18-lt\cxx-framework\src\traditional\proc\p18f4550.asm
                 LATDbits   0x000f8c       data     extern E:\c18v3.46\pic18-lt\cxx-framework\src\traditional\proc\p18f4550.asm
                     LATE   0x000f8d       data     extern E:\c18v3.46\pic18-lt\cxx-framework\src\traditional\proc\p18f4550.asm
                 LATEbits   0x000f8d       data     extern E:\c18v3.46\pic18-lt\cxx-framework\src\traditional\proc\p18f4550.asm
                   LVDCON   0x000fd2       data     extern E:\c18v3.46\pic18-lt\cxx-framework\src\traditional\proc\p18f4550.asm
               LVDCONbits   0x000fd2       data     extern E:\c18v3.46\pic18-lt\cxx-framework\src\traditional\proc\p18f4550.asm
             LastRS232Out   0x0000e1       data     extern /Users/Leonardo/Documents/Microntrolador PIC/Master i2c/exemplo usb_cdc 1/USB/Device - CDC/Firmware/main.c
               NextUSBOut   0x0000e0       data     extern /Users/Leonardo/Documents/Microntrolador PIC/Master i2c/exemplo usb_cdc 1/USB/Device - CDC/Firmware/main.c
                   OSCCON   0x000fd3       data     extern E:\c18v3.46\pic18-lt\cxx-framework\src\traditional\proc\p18f4550.asm
               OSCCONbits   0x000fd3       data     extern E:\c18v3.46\pic18-lt\cxx-framework\src\traditional\proc\p18f4550.asm
                  OSCTUNE   0x000f9b       data     extern E:\c18v3.46\pic18-lt\cxx-framework\src\traditional\proc\p18f4550.asm
              OSCTUNEbits   0x000f9b       data     extern E:\c18v3.46\pic18-lt\cxx-framework\src\traditional\proc\p18f4550.asm
                       PC   0x000ff9       data     extern E:\c18v3.46\pic18-lt\cxx-framework\src\traditional\proc\p18f4550.asm
                      PCL   0x000ff9       data     extern E:\c18v3.46\pic18-lt\cxx-framework\src\traditional\proc\p18f4550.asm
                   PCLATH   0x000ffa       data     extern E:\c18v3.46\pic18-lt\cxx-framework\src\traditional\proc\p18f4550.asm
                   PCLATU   0x000ffb       data     extern E:\c18v3.46\pic18-lt\cxx-framework\src\traditional\proc\p18f4550.asm
                     PIE1   0x000f9d       data     extern E:\c18v3.46\pic18-lt\cxx-framework\src\traditional\proc\p18f4550.asm
                 PIE1bits   0x000f9d       data     extern E:\c18v3.46\pic18-lt\cxx-framework\src\traditional\proc\p18f4550.asm
                     PIE2   0x000fa0       data     extern E:\c18v3.46\pic18-lt\cxx-framework\src\traditional\proc\p18f4550.asm
                 PIE2bits   0x000fa0       data     extern E:\c18v3.46\pic18-lt\cxx-framework\src\traditional\proc\p18f4550.asm
                     PIR1   0x000f9e       data     extern E:\c18v3.46\pic18-lt\cxx-framework\src\traditional\proc\p18f4550.asm
                 PIR1bits   0x000f9e       data     extern E:\c18v3.46\pic18-lt\cxx-framework\src\traditional\proc\p18f4550.asm
                     PIR2   0x000fa1       data     extern E:\c18v3.46\pic18-lt\cxx-framework\src\traditional\proc\p18f4550.asm
                 PIR2bits   0x000fa1       data     extern E:\c18v3.46\pic18-lt\cxx-framework\src\traditional\proc\p18f4550.asm
                   PLUSW0   0x000feb       data     extern E:\c18v3.46\pic18-lt\cxx-framework\src\traditional\proc\p18f4550.asm
                   PLUSW1   0x000fe3       data     extern E:\c18v3.46\pic18-lt\cxx-framework\src\traditional\proc\p18f4550.asm
                   PLUSW2   0x000fdb       data     extern E:\c18v3.46\pic18-lt\cxx-framework\src\traditional\proc\p18f4550.asm
                    PORTA   0x000f80       data     extern E:\c18v3.46\pic18-lt\cxx-framework\src\traditional\proc\p18f4550.asm
                PORTAbits   0x000f80       data     extern E:\c18v3.46\pic18-lt\cxx-framework\src\traditional\proc\p18f4550.asm
                    PORTB   0x000f81       data     extern E:\c18v3.46\pic18-lt\cxx-framework\src\traditional\proc\p18f4550.asm
                PORTBbits   0x000f81       data     extern E:\c18v3.46\pic18-lt\cxx-framework\src\traditional\proc\p18f4550.asm
                    PORTC   0x000f82       data     extern E:\c18v3.46\pic18-lt\cxx-framework\src\traditional\proc\p18f4550.asm
                PORTCbits   0x000f82       data     extern E:\c18v3.46\pic18-lt\cxx-framework\src\traditional\proc\p18f4550.asm
                    PORTD   0x000f83       data     extern E:\c18v3.46\pic18-lt\cxx-framework\src\traditional\proc\p18f4550.asm
                PORTDbits   0x000f83       data     extern E:\c18v3.46\pic18-lt\cxx-framework\src\traditional\proc\p18f4550.asm
                    PORTE   0x000f84       data     extern E:\c18v3.46\pic18-lt\cxx-framework\src\traditional\proc\p18f4550.asm
                PORTEbits   0x000f84       data     extern E:\c18v3.46\pic18-lt\cxx-framework\src\traditional\proc\p18f4550.asm
                 POSTDEC0   0x000fed       data     extern E:\c18v3.46\pic18-lt\cxx-framework\src\traditional\proc\p18f4550.asm
                 POSTDEC1   0x000fe5       data     extern E:\c18v3.46\pic18-lt\cxx-framework\src\traditional\proc\p18f4550.asm
                 POSTDEC2   0x000fdd       data     extern E:\c18v3.46\pic18-lt\cxx-framework\src\traditional\proc\p18f4550.asm
                 POSTINC0   0x000fee       data     extern E:\c18v3.46\pic18-lt\cxx-framework\src\traditional\proc\p18f4550.asm
                 POSTINC1   0x000fe6       data     extern E:\c18v3.46\pic18-lt\cxx-framework\src\traditional\proc\p18f4550.asm
                 POSTINC2   0x000fde       data     extern E:\c18v3.46\pic18-lt\cxx-framework\src\traditional\proc\p18f4550.asm
                      PR2   0x000fcb       data     extern E:\c18v3.46\pic18-lt\cxx-framework\src\traditional\proc\p18f4550.asm
                  PREINC0   0x000fec       data     extern E:\c18v3.46\pic18-lt\cxx-framework\src\traditional\proc\p18f4550.asm
                  PREINC1   0x000fe4       data     extern E:\c18v3.46\pic18-lt\cxx-framework\src\traditional\proc\p18f4550.asm
                  PREINC2   0x000fdc       data     extern E:\c18v3.46\pic18-lt\cxx-framework\src\traditional\proc\p18f4550.asm
                     PROD   0x000ff3       data     extern E:\c18v3.46\pic18-lt\cxx-framework\src\traditional\proc\p18f4550.asm
                    PRODH   0x000ff4       data     extern E:\c18v3.46\pic18-lt\cxx-framework\src\traditional\proc\p18f4550.asm
                    PRODL   0x000ff3       data     extern E:\c18v3.46\pic18-lt\cxx-framework\src\traditional\proc\p18f4550.asm
                     RCON   0x000fd0       data     extern E:\c18v3.46\pic18-lt\cxx-framework\src\traditional\proc\p18f4550.asm
                 RCONbits   0x000fd0       data     extern E:\c18v3.46\pic18-lt\cxx-framework\src\traditional\proc\p18f4550.asm
                    RCREG   0x000fae       data     extern E:\c18v3.46\pic18-lt\cxx-framework\src\traditional\proc\p18f4550.asm
                    RCSTA   0x000fab       data     extern E:\c18v3.46\pic18-lt\cxx-framework\src\traditional\proc\p18f4550.asm
                RCSTAbits   0x000fab       data     extern E:\c18v3.46\pic18-lt\cxx-framework\src\traditional\proc\p18f4550.asm
           RS232_Out_Data   0x0000a0       data     extern /Users/Leonardo/Documents/Microntrolador PIC/Master i2c/exemplo usb_cdc 1/USB/Device - CDC/Firmware/main.c
       RS232_Out_Data_Rdy   0x0000ed       data     extern /Users/Leonardo/Documents/Microntrolador PIC/Master i2c/exemplo usb_cdc 1/USB/Device - CDC/Firmware/main.c
                  RS232cp   0x0000e2       data     extern /Users/Leonardo/Documents/Microntrolador PIC/Master i2c/exemplo usb_cdc 1/USB/Device - CDC/Firmware/main.c
             RemoteWakeup   0x000124       data     extern /Users/Leonardo/Documents/Microntrolador PIC/Master i2c/exemplo usb_cdc 1/Microchip/USB/usb_device.c
                     SIGN   0x00000e       data     extern E:\c18v3.46\pic18-lt\cxx-framework\src\traditional\math\cmath18.asm
                    SPBRG   0x000faf       data     extern E:\c18v3.46\pic18-lt\cxx-framework\src\traditional\proc\p18f4550.asm
                   SPBRGH   0x000fb0       data     extern E:\c18v3.46\pic18-lt\cxx-framework\src\traditional\proc\p18f4550.asm
                   SPPCFG   0x000f63       data     extern E:\c18v3.46\pic18-lt\cxx-framework\src\traditional\proc\p18f4550.asm
               SPPCFGbits   0x000f63       data     extern E:\c18v3.46\pic18-lt\cxx-framework\src\traditional\proc\p18f4550.asm
                   SPPCON   0x000f65       data     extern E:\c18v3.46\pic18-lt\cxx-framework\src\traditional\proc\p18f4550.asm
               SPPCONbits   0x000f65       data     extern E:\c18v3.46\pic18-lt\cxx-framework\src\traditional\proc\p18f4550.asm
                  SPPDATA   0x000f62       data     extern E:\c18v3.46\pic18-lt\cxx-framework\src\traditional\proc\p18f4550.asm
                   SPPEPS   0x000f64       data     extern E:\c18v3.46\pic18-lt\cxx-framework\src\traditional\proc\p18f4550.asm
               SPPEPSbits   0x000f64       data     extern E:\c18v3.46\pic18-lt\cxx-framework\src\traditional\proc\p18f4550.asm
                   SSPADD   0x000fc8       data     extern E:\c18v3.46\pic18-lt\cxx-framework\src\traditional\proc\p18f4550.asm
                   SSPBUF   0x000fc9       data     extern E:\c18v3.46\pic18-lt\cxx-framework\src\traditional\proc\p18f4550.asm
                  SSPCON1   0x000fc6       data     extern E:\c18v3.46\pic18-lt\cxx-framework\src\traditional\proc\p18f4550.asm
              SSPCON1bits   0x000fc6       data     extern E:\c18v3.46\pic18-lt\cxx-framework\src\traditional\proc\p18f4550.asm
                  SSPCON2   0x000fc5       data     extern E:\c18v3.46\pic18-lt\cxx-framework\src\traditional\proc\p18f4550.asm
              SSPCON2bits   0x000fc5       data     extern E:\c18v3.46\pic18-lt\cxx-framework\src\traditional\proc\p18f4550.asm
                  SSPSTAT   0x000fc7       data     extern E:\c18v3.46\pic18-lt\cxx-framework\src\traditional\proc\p18f4550.asm
              SSPSTATbits   0x000fc7       data     extern E:\c18v3.46\pic18-lt\cxx-framework\src\traditional\proc\p18f4550.asm
                   STATUS   0x000fd8       data     extern E:\c18v3.46\pic18-lt\cxx-framework\src\traditional\proc\p18f4550.asm
               STATUSbits   0x000fd8       data     extern E:\c18v3.46\pic18-lt\cxx-framework\src\traditional\proc\p18f4550.asm
                   STKPTR   0x000ffc       data     extern E:\c18v3.46\pic18-lt\cxx-framework\src\traditional\proc\p18f4550.asm
               STKPTRbits   0x000ffc       data     extern E:\c18v3.46\pic18-lt\cxx-framework\src\traditional\proc\p18f4550.asm
                 SetupPkt   0x000430       data     extern /Users/Leonardo/Documents/Microntrolador PIC/Master i2c/exemplo usb_cdc 1/Microchip/USB/usb_device.c
                    T0CON   0x000fd5       data     extern E:\c18v3.46\pic18-lt\cxx-framework\src\traditional\proc\p18f4550.asm
                T0CONbits   0x000fd5       data     extern E:\c18v3.46\pic18-lt\cxx-framework\src\traditional\proc\p18f4550.asm
                    T1CON   0x000fcd       data     extern E:\c18v3.46\pic18-lt\cxx-framework\src\traditional\proc\p18f4550.asm
                T1CONbits   0x000fcd       data     extern E:\c18v3.46\pic18-lt\cxx-framework\src\traditional\proc\p18f4550.asm
                    T2CON   0x000fca       data     extern E:\c18v3.46\pic18-lt\cxx-framework\src\traditional\proc\p18f4550.asm
                T2CONbits   0x000fca       data     extern E:\c18v3.46\pic18-lt\cxx-framework\src\traditional\proc\p18f4550.asm
                    T3CON   0x000fb1       data     extern E:\c18v3.46\pic18-lt\cxx-framework\src\traditional\proc\p18f4550.asm
                T3CONbits   0x000fb1       data     extern E:\c18v3.46\pic18-lt\cxx-framework\src\traditional\proc\p18f4550.asm
                   TABLAT   0x000ff5       data     extern E:\c18v3.46\pic18-lt\cxx-framework\src\traditional\proc\p18f4550.asm
                   TBLPTR   0x000ff6       data     extern E:\c18v3.46\pic18-lt\cxx-framework\src\traditional\proc\p18f4550.asm
                  TBLPTRH   0x000ff7       data     extern E:\c18v3.46\pic18-lt\cxx-framework\src\traditional\proc\p18f4550.asm
                  TBLPTRL   0x000ff6       data     extern E:\c18v3.46\pic18-lt\cxx-framework\src\traditional\proc\p18f4550.asm
                  TBLPTRU   0x000ff8       data     extern E:\c18v3.46\pic18-lt\cxx-framework\src\traditional\proc\p18f4550.asm
                    TMR0H   0x000fd7       data     extern E:\c18v3.46\pic18-lt\cxx-framework\src\traditional\proc\p18f4550.asm
                    TMR0L   0x000fd6       data     extern E:\c18v3.46\pic18-lt\cxx-framework\src\traditional\proc\p18f4550.asm
                    TMR1H   0x000fcf       data     extern E:\c18v3.46\pic18-lt\cxx-framework\src\traditional\proc\p18f4550.asm
                    TMR1L   0x000fce       data     extern E:\c18v3.46\pic18-lt\cxx-framework\src\traditional\proc\p18f4550.asm
                     TMR2   0x000fcc       data     extern E:\c18v3.46\pic18-lt\cxx-framework\src\traditional\proc\p18f4550.asm
                    TMR3H   0x000fb3       data     extern E:\c18v3.46\pic18-lt\cxx-framework\src\traditional\proc\p18f4550.asm
                    TMR3L   0x000fb2       data     extern E:\c18v3.46\pic18-lt\cxx-framework\src\traditional\proc\p18f4550.asm
                      TOS   0x000ffd       data     extern E:\c18v3.46\pic18-lt\cxx-framework\src\traditional\proc\p18f4550.asm
                     TOSH   0x000ffe       data     extern E:\c18v3.46\pic18-lt\cxx-framework\src\traditional\proc\p18f4550.asm
                     TOSL   0x000ffd       data     extern E:\c18v3.46\pic18-lt\cxx-framework\src\traditional\proc\p18f4550.asm
                     TOSU   0x000fff       data     extern E:\c18v3.46\pic18-lt\cxx-framework\src\traditional\proc\p18f4550.asm
                    TRISA   0x000f92       data     extern E:\c18v3.46\pic18-lt\cxx-framework\src\traditional\proc\p18f4550.asm
                TRISAbits   0x000f92       data     extern E:\c18v3.46\pic18-lt\cxx-framework\src\traditional\proc\p18f4550.asm
                    TRISB   0x000f93       data     extern E:\c18v3.46\pic18-lt\cxx-framework\src\traditional\proc\p18f4550.asm
                TRISBbits   0x000f93       data     extern E:\c18v3.46\pic18-lt\cxx-framework\src\traditional\proc\p18f4550.asm
                    TRISC   0x000f94       data     extern E:\c18v3.46\pic18-lt\cxx-framework\src\traditional\proc\p18f4550.asm
                TRISCbits   0x000f94       data     extern E:\c18v3.46\pic18-lt\cxx-framework\src\traditional\proc\p18f4550.asm
                    TRISD   0x000f95       data     extern E:\c18v3.46\pic18-lt\cxx-framework\src\traditional\proc\p18f4550.asm
                TRISDbits   0x000f95       data     extern E:\c18v3.46\pic18-lt\cxx-framework\src\traditional\proc\p18f4550.asm
                    TRISE   0x000f96       data     extern E:\c18v3.46\pic18-lt\cxx-framework\src\traditional\proc\p18f4550.asm
                TRISEbits   0x000f96       data     extern E:\c18v3.46\pic18-lt\cxx-framework\src\traditional\proc\p18f4550.asm
                    TXREG   0x000fad       data     extern E:\c18v3.46\pic18-lt\cxx-framework\src\traditional\proc\p18f4550.asm
                    TXSTA   0x000fac       data     extern E:\c18v3.46\pic18-lt\cxx-framework\src\traditional\proc\p18f4550.asm
                TXSTAbits   0x000fac       data     extern E:\c18v3.46\pic18-lt\cxx-framework\src\traditional\proc\p18f4550.asm
                    UADDR   0x000f6e       data     extern E:\c18v3.46\pic18-lt\cxx-framework\src\traditional\proc\p18f4550.asm
                UADDRbits   0x000f6e       data     extern E:\c18v3.46\pic18-lt\cxx-framework\src\traditional\proc\p18f4550.asm
                     UCFG   0x000f6f       data     extern E:\c18v3.46\pic18-lt\cxx-framework\src\traditional\proc\p18f4550.asm
                 UCFGbits   0x000f6f       data     extern E:\c18v3.46\pic18-lt\cxx-framework\src\traditional\proc\p18f4550.asm
                     UCON   0x000f6d       data     extern E:\c18v3.46\pic18-lt\cxx-framework\src\traditional\proc\p18f4550.asm
                 UCONbits   0x000f6d       data     extern E:\c18v3.46\pic18-lt\cxx-framework\src\traditional\proc\p18f4550.asm
                     UEIE   0x000f6b       data     extern E:\c18v3.46\pic18-lt\cxx-framework\src\traditional\proc\p18f4550.asm
                 UEIEbits   0x000f6b       data     extern E:\c18v3.46\pic18-lt\cxx-framework\src\traditional\proc\p18f4550.asm
                     UEIR   0x000f6a       data     extern E:\c18v3.46\pic18-lt\cxx-framework\src\traditional\proc\p18f4550.asm
                 UEIRbits   0x000f6a       data     extern E:\c18v3.46\pic18-lt\cxx-framework\src\traditional\proc\p18f4550.asm
                     UEP0   0x000f70       data     extern E:\c18v3.46\pic18-lt\cxx-framework\src\traditional\proc\p18f4550.asm
                 UEP0bits   0x000f70       data     extern E:\c18v3.46\pic18-lt\cxx-framework\src\traditional\proc\p18f4550.asm
                     UEP1   0x000f71       data     extern E:\c18v3.46\pic18-lt\cxx-framework\src\traditional\proc\p18f4550.asm
                    UEP10   0x000f7a       data     extern E:\c18v3.46\pic18-lt\cxx-framework\src\traditional\proc\p18f4550.asm
                UEP10bits   0x000f7a       data     extern E:\c18v3.46\pic18-lt\cxx-framework\src\traditional\proc\p18f4550.asm
                    UEP11   0x000f7b       data     extern E:\c18v3.46\pic18-lt\cxx-framework\src\traditional\proc\p18f4550.asm
                UEP11bits   0x000f7b       data     extern E:\c18v3.46\pic18-lt\cxx-framework\src\traditional\proc\p18f4550.asm
                    UEP12   0x000f7c       data     extern E:\c18v3.46\pic18-lt\cxx-framework\src\traditional\proc\p18f4550.asm
                UEP12bits   0x000f7c       data     extern E:\c18v3.46\pic18-lt\cxx-framework\src\traditional\proc\p18f4550.asm
                    UEP13   0x000f7d       data     extern E:\c18v3.46\pic18-lt\cxx-framework\src\traditional\proc\p18f4550.asm
                UEP13bits   0x000f7d       data     extern E:\c18v3.46\pic18-lt\cxx-framework\src\traditional\proc\p18f4550.asm
                    UEP14   0x000f7e       data     extern E:\c18v3.46\pic18-lt\cxx-framework\src\traditional\proc\p18f4550.asm
                UEP14bits   0x000f7e       data     extern E:\c18v3.46\pic18-lt\cxx-framework\src\traditional\proc\p18f4550.asm
                    UEP15   0x000f7f       data     extern E:\c18v3.46\pic18-lt\cxx-framework\src\traditional\proc\p18f4550.asm
                UEP15bits   0x000f7f       data     extern E:\c18v3.46\pic18-lt\cxx-framework\src\traditional\proc\p18f4550.asm
                 UEP1bits   0x000f71       data     extern E:\c18v3.46\pic18-lt\cxx-framework\src\traditional\proc\p18f4550.asm
                     UEP2   0x000f72       data     extern E:\c18v3.46\pic18-lt\cxx-framework\src\traditional\proc\p18f4550.asm
                 UEP2bits   0x000f72       data     extern E:\c18v3.46\pic18-lt\cxx-framework\src\traditional\proc\p18f4550.asm
                     UEP3   0x000f73       data     extern E:\c18v3.46\pic18-lt\cxx-framework\src\traditional\proc\p18f4550.asm
                 UEP3bits   0x000f73       data     extern E:\c18v3.46\pic18-lt\cxx-framework\src\traditional\proc\p18f4550.asm
                     UEP4   0x000f74       data     extern E:\c18v3.46\pic18-lt\cxx-framework\src\traditional\proc\p18f4550.asm
                 UEP4bits   0x000f74       data     extern E:\c18v3.46\pic18-lt\cxx-framework\src\traditional\proc\p18f4550.asm
                     UEP5   0x000f75       data     extern E:\c18v3.46\pic18-lt\cxx-framework\src\traditional\proc\p18f4550.asm
                 UEP5bits   0x000f75       data     extern E:\c18v3.46\pic18-lt\cxx-framework\src\traditional\proc\p18f4550.asm
                     UEP6   0x000f76       data     extern E:\c18v3.46\pic18-lt\cxx-framework\src\traditional\proc\p18f4550.asm
                 UEP6bits   0x000f76       data     extern E:\c18v3.46\pic18-lt\cxx-framework\src\traditional\proc\p18f4550.asm
                     UEP7   0x000f77       data     extern E:\c18v3.46\pic18-lt\cxx-framework\src\traditional\proc\p18f4550.asm
                 UEP7bits   0x000f77       data     extern E:\c18v3.46\pic18-lt\cxx-framework\src\traditional\proc\p18f4550.asm
                     UEP8   0x000f78       data     extern E:\c18v3.46\pic18-lt\cxx-framework\src\traditional\proc\p18f4550.asm
                 UEP8bits   0x000f78       data     extern E:\c18v3.46\pic18-lt\cxx-framework\src\traditional\proc\p18f4550.asm
                     UEP9   0x000f79       data     extern E:\c18v3.46\pic18-lt\cxx-framework\src\traditional\proc\p18f4550.asm
                 UEP9bits   0x000f79       data     extern E:\c18v3.46\pic18-lt\cxx-framework\src\traditional\proc\p18f4550.asm
                     UFRM   0x000f66       data     extern E:\c18v3.46\pic18-lt\cxx-framework\src\traditional\proc\p18f4550.asm
                    UFRMH   0x000f67       data     extern E:\c18v3.46\pic18-lt\cxx-framework\src\traditional\proc\p18f4550.asm
                UFRMHbits   0x000f67       data     extern E:\c18v3.46\pic18-lt\cxx-framework\src\traditional\proc\p18f4550.asm
                    UFRML   0x000f66       data     extern E:\c18v3.46\pic18-lt\cxx-framework\src\traditional\proc\p18f4550.asm
                UFRMLbits   0x000f66       data     extern E:\c18v3.46\pic18-lt\cxx-framework\src\traditional\proc\p18f4550.asm
                      UIE   0x000f69       data     extern E:\c18v3.46\pic18-lt\cxx-framework\src\traditional\proc\p18f4550.asm
                  UIEbits   0x000f69       data     extern E:\c18v3.46\pic18-lt\cxx-framework\src\traditional\proc\p18f4550.asm
                      UIR   0x000f68       data     extern E:\c18v3.46\pic18-lt\cxx-framework\src\traditional\proc\p18f4550.asm
                  UIRbits   0x000f68       data     extern E:\c18v3.46\pic18-lt\cxx-framework\src\traditional\proc\p18f4550.asm
   USBActiveConfiguration   0x000101       data     extern /Users/Leonardo/Documents/Microntrolador PIC/Master i2c/exemplo usb_cdc 1/Microchip/USB/usb_device.c
    USBAlternateInterface   0x000102       data     extern /Users/Leonardo/Documents/Microntrolador PIC/Master i2c/exemplo usb_cdc 1/Microchip/USB/usb_device.c
        USBBusIsSuspended   0x000125       data     extern /Users/Leonardo/Documents/Microntrolador PIC/Master i2c/exemplo usb_cdc 1/Microchip/USB/usb_device.c
USBDeferINDataStagePackets   0x000133       data     extern /Users/Leonardo/Documents/Microntrolador PIC/Master i2c/exemplo usb_cdc 1/Microchip/USB/usb_device.c
USBDeferOUTDataStagePackets   0x000134       data     extern /Users/Leonardo/Documents/Microntrolador PIC/Master i2c/exemplo usb_cdc 1/Microchip/USB/usb_device.c
USBDeferStatusStagePacket   0x000130       data     extern /Users/Leonardo/Documents/Microntrolador PIC/Master i2c/exemplo usb_cdc 1/Microchip/USB/usb_device.c
           USBDeviceState   0x000100       data     extern /Users/Leonardo/Documents/Microntrolador PIC/Master i2c/exemplo usb_cdc 1/Microchip/USB/usb_device.c
USBStatusStageEnabledFlag1   0x000131       data     extern /Users/Leonardo/Documents/Microntrolador PIC/Master i2c/exemplo usb_cdc 1/Microchip/USB/usb_device.c
USBStatusStageEnabledFlag2   0x000132       data     extern /Users/Leonardo/Documents/Microntrolador PIC/Master i2c/exemplo usb_cdc 1/Microchip/USB/usb_device.c
USBStatusStageTimeoutCounter   0x00012f       data     extern /Users/Leonardo/Documents/Microntrolador PIC/Master i2c/exemplo usb_cdc 1/Microchip/USB/usb_device.c
           USB_Out_Buffer   0x000060       data     extern /Users/Leonardo/Documents/Microntrolador PIC/Master i2c/exemplo usb_cdc 1/USB/Device - CDC/Firmware/main.c
                    USTAT   0x000f6c       data     extern E:\c18v3.46\pic18-lt\cxx-framework\src\traditional\proc\p18f4550.asm
                USTATbits   0x000f6c       data     extern E:\c18v3.46\pic18-lt\cxx-framework\src\traditional\proc\p18f4550.asm
                USTATcopy   0x000126       data     extern /Users/Leonardo/Documents/Microntrolador PIC/Master i2c/exemplo usb_cdc 1/Microchip/USB/usb_device.c
                   WDTCON   0x000fd1       data     extern E:\c18v3.46\pic18-lt\cxx-framework\src\traditional\proc\p18f4550.asm
               WDTCONbits   0x000fd1       data     extern E:\c18v3.46\pic18-lt\cxx-framework\src\traditional\proc\p18f4550.asm
                     WREG   0x000fe8       data     extern E:\c18v3.46\pic18-lt\cxx-framework\src\traditional\proc\p18f4550.asm
                 __AARGB0   0x000007       data     extern E:\c18v3.46\pic18-lt\cxx-framework\src\traditional\math\aarg.asm
                 __AARGB1   0x000006       data     extern E:\c18v3.46\pic18-lt\cxx-framework\src\traditional\math\aarg.asm
                 __AARGB2   0x000005       data     extern E:\c18v3.46\pic18-lt\cxx-framework\src\traditional\math\aarg.asm
                 __AARGB3   0x000004       data     extern E:\c18v3.46\pic18-lt\cxx-framework\src\traditional\math\aarg.asm
                 __AARGB4   0x000003       data     extern E:\c18v3.46\pic18-lt\cxx-framework\src\traditional\math\aarg.asm
                 __AARGB5   0x000002       data     extern E:\c18v3.46\pic18-lt\cxx-framework\src\traditional\math\aarg.asm
                 __AARGB6   0x000001       data     extern E:\c18v3.46\pic18-lt\cxx-framework\src\traditional\math\aarg.asm
                 __AARGB7   0x000000       data     extern E:\c18v3.46\pic18-lt\cxx-framework\src\traditional\math\aarg.asm
                   __AEXP   0x000008       data     extern E:\c18v3.46\pic18-lt\cxx-framework\src\traditional\math\aarg.asm
                 __BARGB0   0x00000c       data     extern E:\c18v3.46\pic18-lt\cxx-framework\src\traditional\math\barg.asm
                 __BARGB1   0x00000b       data     extern E:\c18v3.46\pic18-lt\cxx-framework\src\traditional\math\barg.asm
                 __BARGB2   0x00000a       data     extern E:\c18v3.46\pic18-lt\cxx-framework\src\traditional\math\barg.asm
                 __BARGB3   0x000009       data     extern E:\c18v3.46\pic18-lt\cxx-framework\src\traditional\math\barg.asm
                   __BEXP   0x00000d       data     extern E:\c18v3.46\pic18-lt\cxx-framework\src\traditional\math\barg.asm
                __FPFLAGS   0x00000f       data     extern E:\c18v3.46\pic18-lt\cxx-framework\src\traditional\math\cmath18.asm
            __FPFLAGSbits   0x00000f       data     extern E:\c18v3.46\pic18-lt\cxx-framework\src\traditional\math\cmath18.asm
                  __REMB0   0x000003       data     extern E:\c18v3.46\pic18-lt\cxx-framework\src\traditional\math\aarg.asm
                  __REMB1   0x000002       data     extern E:\c18v3.46\pic18-lt\cxx-framework\src\traditional\math\aarg.asm
                  __REMB2   0x000001       data     extern E:\c18v3.46\pic18-lt\cxx-framework\src\traditional\math\aarg.asm
[...]
                TRISDbits   0x000f95       data     extern E:\c18v3.46\pic18-lt\cxx-framework\src\traditional\proc\p18f4550.asm
                 DDRDbits   0x000f95       data     extern E:\c18v3.46\pic18-lt\cxx-framework\src\traditional\proc\p18f4550.asm
                     DDRE   0x000f96       data     extern E:\c18v3.46\pic18-lt\cxx-framework\src\traditional\proc\p18f4550.asm
                    TRISE   0x000f96       data     extern E:\c18v3.46\pic18-lt\cxx-framework\src\traditional\proc\p18f4550.asm
                TRISEbits   0x000f96       data     extern E:\c18v3.46\pic18-lt\cxx-framework\src\traditional\proc\p18f4550.asm
                 DDREbits   0x000f96       data     extern E:\c18v3.46\pic18-lt\cxx-framework\src\traditional\proc\p18f4550.asm
              OSCTUNEbits   0x000f9b       data     extern E:\c18v3.46\pic18-lt\cxx-framework\src\traditional\proc\p18f4550.asm
                  OSCTUNE   0x000f9b       data     extern E:\c18v3.46\pic18-lt\cxx-framework\src\traditional\proc\p18f4550.asm
                     PIE1   0x000f9d       data     extern E:\c18v3.46\pic18-lt\cxx-framework\src\traditional\proc\p18f4550.asm
                 PIE1bits   0x000f9d       data     extern E:\c18v3.46\pic18-lt\cxx-framework\src\traditional\proc\p18f4550.asm
                     PIR1   0x000f9e       data     extern E:\c18v3.46\pic18-lt\cxx-framework\src\traditional\proc\p18f4550.asm
                 PIR1bits   0x000f9e       data     extern E:\c18v3.46\pic18-lt\cxx-framework\src\traditional\proc\p18f4550.asm
                 IPR1bits   0x000f9f       data     extern E:\c18v3.46\pic18-lt\cxx-framework\src\traditional\proc\p18f4550.asm
                     IPR1   0x000f9f       data     extern E:\c18v3.46\pic18-lt\cxx-framework\src\traditional\proc\p18f4550.asm
                     PIE2   0x000fa0       data     extern E:\c18v3.46\pic18-lt\cxx-framework\src\traditional\proc\p18f4550.asm
                 PIE2bits   0x000fa0       data     extern E:\c18v3.46\pic18-lt\cxx-framework\src\traditional\proc\p18f4550.asm
                     PIR2   0x000fa1       data     extern E:\c18v3.46\pic18-lt\cxx-framework\src\traditional\proc\p18f4550.asm
                 PIR2bits   0x000fa1       data     extern E:\c18v3.46\pic18-lt\cxx-framework\src\traditional\proc\p18f4550.asm
                 IPR2bits   0x000fa2       data     extern E:\c18v3.46\pic18-lt\cxx-framework\src\traditional\proc\p18f4550.asm
                     IPR2   0x000fa2       data     extern E:\c18v3.46\pic18-lt\cxx-framework\src\traditional\proc\p18f4550.asm
               EECON1bits   0x000fa6       data     extern E:\c18v3.46\pic18-lt\cxx-framework\src\traditional\proc\p18f4550.asm
                   EECON1   0x000fa6       data     extern E:\c18v3.46\pic18-lt\cxx-framework\src\traditional\proc\p18f4550.asm
                   EECON2   0x000fa7       data     extern E:\c18v3.46\pic18-lt\cxx-framework\src\traditional\proc\p18f4550.asm
                   EEDATA   0x000fa8       data     extern E:\c18v3.46\pic18-lt\cxx-framework\src\traditional\proc\p18f4550.asm
                    EEADR   0x000fa9       data     extern E:\c18v3.46\pic18-lt\cxx-framework\src\traditional\proc\p18f4550.asm
                RCSTAbits   0x000fab       data     extern E:\c18v3.46\pic18-lt\cxx-framework\src\traditional\proc\p18f4550.asm
                    RCSTA   0x000fab       data     extern E:\c18v3.46\pic18-lt\cxx-framework\src\traditional\proc\p18f4550.asm
                    TXSTA   0x000fac       data     extern E:\c18v3.46\pic18-lt\cxx-framework\src\traditional\proc\p18f4550.asm
                TXSTAbits   0x000fac       data     extern E:\c18v3.46\pic18-lt\cxx-framework\src\traditional\proc\p18f4550.asm
                    TXREG   0x000fad       data     extern E:\c18v3.46\pic18-lt\cxx-framework\src\traditional\proc\p18f4550.asm
                    RCREG   0x000fae       data     extern E:\c18v3.46\pic18-lt\cxx-framework\src\traditional\proc\p18f4550.asm
                    SPBRG   0x000faf       data     extern E:\c18v3.46\pic18-lt\cxx-framework\src\traditional\proc\p18f4550.asm
                   SPBRGH   0x000fb0       data     extern E:\c18v3.46\pic18-lt\cxx-framework\src\traditional\proc\p18f4550.asm
                    T3CON   0x000fb1       data     extern E:\c18v3.46\pic18-lt\cxx-framework\src\traditional\proc\p18f4550.asm
                T3CONbits   0x000fb1       data     extern E:\c18v3.46\pic18-lt\cxx-framework\src\traditional\proc\p18f4550.asm
                    TMR3L   0x000fb2       data     extern E:\c18v3.46\pic18-lt\cxx-framework\src\traditional\proc\p18f4550.asm
                    TMR3H   0x000fb3       data     extern E:\c18v3.46\pic18-lt\cxx-framework\src\traditional\proc\p18f4550.asm
                    CMCON   0x000fb4       data     extern E:\c18v3.46\pic18-lt\cxx-framework\src\traditional\proc\p18f4550.asm
                CMCONbits   0x000fb4       data     extern E:\c18v3.46\pic18-lt\cxx-framework\src\traditional\proc\p18f4550.asm
                   CVRCON   0x000fb5       data     extern E:\c18v3.46\pic18-lt\cxx-framework\src\traditional\proc\p18f4550.asm
               CVRCONbits   0x000fb5       data     extern E:\c18v3.46\pic18-lt\cxx-framework\src\traditional\proc\p18f4550.asm
               CCP1ASbits   0x000fb6       data     extern E:\c18v3.46\pic18-lt\cxx-framework\src\traditional\proc\p18f4550.asm
                   CCP1AS   0x000fb6       data     extern E:\c18v3.46\pic18-lt\cxx-framework\src\traditional\proc\p18f4550.asm
              ECCP1ASbits   0x000fb6       data     extern E:\c18v3.46\pic18-lt\cxx-framework\src\traditional\proc\p18f4550.asm
                  ECCP1AS   0x000fb6       data     extern E:\c18v3.46\pic18-lt\cxx-framework\src\traditional\proc\p18f4550.asm
                  CCP1DEL   0x000fb7       data     extern E:\c18v3.46\pic18-lt\cxx-framework\src\traditional\proc\p18f4550.asm
              CCP1DELbits   0x000fb7       data     extern E:\c18v3.46\pic18-lt\cxx-framework\src\traditional\proc\p18f4550.asm
             ECCP1DELbits   0x000fb7       data     extern E:\c18v3.46\pic18-lt\cxx-framework\src\traditional\proc\p18f4550.asm
                 ECCP1DEL   0x000fb7       data     extern E:\c18v3.46\pic18-lt\cxx-framework\src\traditional\proc\p18f4550.asm
              BAUDCTLbits   0x000fb8       data     extern E:\c18v3.46\pic18-lt\cxx-framework\src\traditional\proc\p18f4550.asm
                  BAUDCTL   0x000fb8       data     extern E:\c18v3.46\pic18-lt\cxx-framework\src\traditional\proc\p18f4550.asm
              BAUDCONbits   0x000fb8       data     extern E:\c18v3.46\pic18-lt\cxx-framework\src\traditional\proc\p18f4550.asm
                  BAUDCON   0x000fb8       data     extern E:\c18v3.46\pic18-lt\cxx-framework\src\traditional\proc\p18f4550.asm
              CCP2CONbits   0x000fba       data     extern E:\c18v3.46\pic18-lt\cxx-framework\src\traditional\proc\p18f4550.asm
                  CCP2CON   0x000fba       data     extern E:\c18v3.46\pic18-lt\cxx-framework\src\traditional\proc\p18f4550.asm
                   CCPR2L   0x000fbb       data     extern E:\c18v3.46\pic18-lt\cxx-framework\src\traditional\proc\p18f4550.asm
                    CCPR2   0x000fbb       data     extern E:\c18v3.46\pic18-lt\cxx-framework\src\traditional\proc\p18f4550.asm
                   CCPR2H   0x000fbc       data     extern E:\c18v3.46\pic18-lt\cxx-framework\src\traditional\proc\p18f4550.asm
              CCP1CONbits   0x000fbd       data     extern E:\c18v3.46\pic18-lt\cxx-framework\src\traditional\proc\p18f4550.asm
                  CCP1CON   0x000fbd       data     extern E:\c18v3.46\pic18-lt\cxx-framework\src\traditional\proc\p18f4550.asm
             ECCP1CONbits   0x000fbd       data     extern E:\c18v3.46\pic18-lt\cxx-framework\src\traditional\proc\p18f4550.asm
                 ECCP1CON   0x000fbd       data     extern E:\c18v3.46\pic18-lt\cxx-framework\src\traditional\proc\p18f4550.asm
                    CCPR1   0x000fbe       data     extern E:\c18v3.46\pic18-lt\cxx-framework\src\traditional\proc\p18f4550.asm
                   CCPR1L   0x000fbe       data     extern E:\c18v3.46\pic18-lt\cxx-framework\src\traditional\proc\p18f4550.asm
                   CCPR1H   0x000fbf       data     extern E:\c18v3.46\pic18-lt\cxx-framework\src\traditional\proc\p18f4550.asm
               ADCON2bits   0x000fc0       data     extern E:\c18v3.46\pic18-lt\cxx-framework\src\traditional\proc\p18f4550.asm
                   ADCON2   0x000fc0       data     extern E:\c18v3.46\pic18-lt\cxx-framework\src\traditional\proc\p18f4550.asm
               ADCON1bits   0x000fc1       data     extern E:\c18v3.46\pic18-lt\cxx-framework\src\traditional\proc\p18f4550.asm
                   ADCON1   0x000fc1       data     extern E:\c18v3.46\pic18-lt\cxx-framework\src\traditional\proc\p18f4550.asm
                   ADCON0   0x000fc2       data     extern E:\c18v3.46\pic18-lt\cxx-framework\src\traditional\proc\p18f4550.asm
               ADCON0bits   0x000fc2       data     extern E:\c18v3.46\pic18-lt\cxx-framework\src\traditional\proc\p18f4550.asm
                    ADRES   0x000fc3       data     extern E:\c18v3.46\pic18-lt\cxx-framework\src\traditional\proc\p18f4550.asm
                   ADRESL   0x000fc3       data     extern E:\c18v3.46\pic18-lt\cxx-framework\src\traditional\proc\p18f4550.asm
                   ADRESH   0x000fc4       data     extern E:\c18v3.46\pic18-lt\cxx-framework\src\traditional\proc\p18f4550.asm
                  SSPCON2   0x000fc5       data     extern E:\c18v3.46\pic18-lt\cxx-framework\src\traditional\proc\p18f4550.asm
              SSPCON2bits   0x000fc5       data     extern E:\c18v3.46\pic18-lt\cxx-framework\src\traditional\proc\p18f4550.asm
                  SSPCON1   0x000fc6       data     extern E:\c18v3.46\pic18-lt\cxx-framework\src\traditional\proc\p18f4550.asm
              SSPCON1bits   0x000fc6       data     extern E:\c18v3.46\pic18-lt\cxx-framework\src\traditional\proc\p18f4550.asm
                  SSPSTAT   0x000fc7       data     extern E:\c18v3.46\pic18-lt\cxx-framework\src\traditional\proc\p18f4550.asm
              SSPSTATbits   0x000fc7       data     extern E:\c18v3.46\pic18-lt\cxx-framework\src\traditional\proc\p18f4550.asm
                   SSPADD   0x000fc8       data     extern E:\c18v3.46\pic18-lt\cxx-framework\src\traditional\proc\p18f4550.asm
                   SSPBUF   0x000fc9       data     extern E:\c18v3.46\pic18-lt\cxx-framework\src\traditional\proc\p18f4550.asm
                T2CONbits   0x000fca       data     extern E:\c18v3.46\pic18-lt\cxx-framework\src\traditional\proc\p18f4550.asm
                    T2CON   0x000fca       data     extern E:\c18v3.46\pic18-lt\cxx-framework\src\traditional\proc\p18f4550.asm
                      PR2   0x000fcb       data     extern E:\c18v3.46\pic18-lt\cxx-framework\src\traditional\proc\p18f4550.asm
                     TMR2   0x000fcc       data     extern E:\c18v3.46\pic18-lt\cxx-framework\src\traditional\proc\p18f4550.asm
                T1CONbits   0x000fcd       data     extern E:\c18v3.46\pic18-lt\cxx-framework\src\traditional\proc\p18f4550.asm
                    T1CON   0x000fcd       data     extern E:\c18v3.46\pic18-lt\cxx-framework\src\traditional\proc\p18f4550.asm
                    TMR1L   0x000fce       data     extern E:\c18v3.46\pic18-lt\cxx-framework\src\traditional\proc\p18f4550.asm
                    TMR1H   0x000fcf       data     extern E:\c18v3.46\pic18-lt\cxx-framework\src\traditional\proc\p18f4550.asm
                     RCON   0x000fd0       data     extern E:\c18v3.46\pic18-lt\cxx-framework\src\traditional\proc\p18f4550.asm
                 RCONbits   0x000fd0       data     extern E:\c18v3.46\pic18-lt\cxx-framework\src\traditional\proc\p18f4550.asm
                   WDTCON   0x000fd1       data     extern E:\c18v3.46\pic18-lt\cxx-framework\src\traditional\proc\p18f4550.asm
               WDTCONbits   0x000fd1       data     extern E:\c18v3.46\pic18-lt\cxx-framework\src\traditional\proc\p18f4550.asm
               LVDCONbits   0x000fd2       data     extern E:\c18v3.46\pic18-lt\cxx-framework\src\traditional\proc\p18f4550.asm
                   LVDCON   0x000fd2       data     extern E:\c18v3.46\pic18-lt\cxx-framework\src\traditional\proc\p18f4550.asm
              HLVDCONbits   0x000fd2       data     extern E:\c18v3.46\pic18-lt\cxx-framework\src\traditional\proc\p18f4550.asm
                  HLVDCON   0x000fd2       data     extern E:\c18v3.46\pic18-lt\cxx-framework\src\traditional\proc\p18f4550.asm
               OSCCONbits   0x000fd3       data     extern E:\c18v3.46\pic18-lt\cxx-framework\src\traditional\proc\p18f4550.asm
                   OSCCON   0x000fd3       data     extern E:\c18v3.46\pic18-lt\cxx-framework\src\traditional\proc\p18f4550.asm
                    T0CON   0x000fd5       data     extern E:\c18v3.46\pic18-lt\cxx-framework\src\traditional\proc\p18f4550.asm
                T0CONbits   0x000fd5       data     extern E:\c18v3.46\pic18-lt\cxx-framework\src\traditional\proc\p18f4550.asm
                    TMR0L   0x000fd6       data     extern E:\c18v3.46\pic18-lt\cxx-framework\src\traditional\proc\p18f4550.asm
                    TMR0H   0x000fd7       data     extern E:\c18v3.46\pic18-lt\cxx-framework\src\traditional\proc\p18f4550.asm
               STATUSbits   0x000fd8       data     extern E:\c18v3.46\pic18-lt\cxx-framework\src\traditional\proc\p18f4550.asm
                   STATUS   0x000fd8       data     extern E:\c18v3.46\pic18-lt\cxx-framework\src\traditional\proc\p18f4550.asm
                    FSR2L   0x000fd9       data     extern E:\c18v3.46\pic18-lt\cxx-framework\src\traditional\proc\p18f4550.asm
                     FSR2   0x000fd9       data     extern E:\c18v3.46\pic18-lt\cxx-framework\src\traditional\proc\p18f4550.asm
                    FSR2H   0x000fda       data     extern E:\c18v3.46\pic18-lt\cxx-framework\src\traditional\proc\p18f4550.asm
                   PLUSW2   0x000fdb       data     extern E:\c18v3.46\pic18-lt\cxx-framework\src\traditional\proc\p18f4550.asm
                  PREINC2   0x000fdc       data     extern E:\c18v3.46\pic18-lt\cxx-framework\src\traditional\proc\p18f4550.asm
                 POSTDEC2   0x000fdd       data     extern E:\c18v3.46\pic18-lt\cxx-framework\src\traditional\proc\p18f4550.asm
                 POSTINC2   0x000fde       data     extern E:\c18v3.46\pic18-lt\cxx-framework\src\traditional\proc\p18f4550.asm
                    INDF2   0x000fdf       data     extern E:\c18v3.46\pic18-lt\cxx-framework\src\traditional\proc\p18f4550.asm
                      BSR   0x000fe0       data     extern E:\c18v3.46\pic18-lt\cxx-framework\src\traditional\proc\p18f4550.asm
                     FSR1   0x000fe1       data     extern E:\c18v3.46\pic18-lt\cxx-framework\src\traditional\proc\p18f4550.asm
                    FSR1L   0x000fe1       data     extern E:\c18v3.46\pic18-lt\cxx-framework\src\traditional\proc\p18f4550.asm
                    FSR1H   0x000fe2       data     extern E:\c18v3.46\pic18-lt\cxx-framework\src\traditional\proc\p18f4550.asm
                   PLUSW1   0x000fe3       data     extern E:\c18v3.46\pic18-lt\cxx-framework\src\traditional\proc\p18f4550.asm
                  PREINC1   0x000fe4       data     extern E:\c18v3.46\pic18-lt\cxx-framework\src\traditional\proc\p18f4550.asm
                 POSTDEC1   0x000fe5       data     extern E:\c18v3.46\pic18-lt\cxx-framework\src\traditional\proc\p18f4550.asm
                 POSTINC1   0x000fe6       data     extern E:\c18v3.46\pic18-lt\cxx-framework\src\traditional\proc\p18f4550.asm
                    INDF1   0x000fe7       data     extern E:\c18v3.46\pic18-lt\cxx-framework\src\traditional\proc\p18f4550.asm
                     WREG   0x000fe8       data     extern E:\c18v3.46\pic18-lt\cxx-framework\src\traditional\proc\p18f4550.asm
                     FSR0   0x000fe9       data     extern E:\c18v3.46\pic18-lt\cxx-framework\src\traditional\proc\p18f4550.asm
                    FSR0L   0x000fe9       data     extern E:\c18v3.46\pic18-lt\cxx-framework\src\traditional\proc\p18f4550.asm
                    FSR0H   0x000fea       data     extern E:\c18v3.46\pic18-lt\cxx-framework\src\traditional\proc\p18f4550.asm
                   PLUSW0   0x000feb       data     extern E:\c18v3.46\pic18-lt\cxx-framework\src\traditional\proc\p18f4550.asm
                  PREINC0   0x000fec       data     extern E:\c18v3.46\pic18-lt\cxx-framework\src\traditional\proc\p18f4550.asm
                 POSTDEC0   0x000fed       data     extern E:\c18v3.46\pic18-lt\cxx-framework\src\traditional\proc\p18f4550.asm
                 POSTINC0   0x000fee       data     extern E:\c18v3.46\pic18-lt\cxx-framework\src\traditional\proc\p18f4550.asm
                    INDF0   0x000fef       data     extern E:\c18v3.46\pic18-lt\cxx-framework\src\traditional\proc\p18f4550.asm
              INTCON3bits   0x000ff0       data     extern E:\c18v3.46\pic18-lt\cxx-framework\src\traditional\proc\p18f4550.asm
                  INTCON3   0x000ff0       data     extern E:\c18v3.46\pic18-lt\cxx-framework\src\traditional\proc\p18f4550.asm
              INTCON2bits   0x000ff1       data     extern E:\c18v3.46\pic18-lt\cxx-framework\src\traditional\proc\p18f4550.asm
                  INTCON2   0x000ff1       data     extern E:\c18v3.46\pic18-lt\cxx-framework\src\traditional\proc\p18f4550.asm
               INTCONbits   0x000ff2       data     extern E:\c18v3.46\pic18-lt\cxx-framework\src\traditional\proc\p18f4550.asm
                   INTCON   0x000ff2       data     extern E:\c18v3.46\pic18-lt\cxx-framework\src\traditional\proc\p18f4550.asm
                     PROD   0x000ff3       data     extern E:\c18v3.46\pic18-lt\cxx-framework\src\traditional\proc\p18f4550.asm
                    PRODL   0x000ff3       data     extern E:\c18v3.46\pic18-lt\cxx-framework\src\traditional\proc\p18f4550.asm
                    PRODH   0x000ff4       data     extern E:\c18v3.46\pic18-lt\cxx-framework\src\traditional\proc\p18f4550.asm
                   TABLAT   0x000ff5       data     extern E:\c18v3.46\pic18-lt\cxx-framework\src\traditional\proc\p18f4550.asm
                   TBLPTR   0x000ff6       data     extern E:\c18v3.46\pic18-lt\cxx-framework\src\traditional\proc\p18f4550.asm
                  TBLPTRL   0x000ff6       data     extern E:\c18v3.46\pic18-lt\cxx-framework\src\traditional\proc\p18f4550.asm
                  TBLPTRH   0x000ff7       data     extern E:\c18v3.46\pic18-lt\cxx-framework\src\traditional\proc\p18f4550.asm
                  TBLPTRU   0x000ff8       data     extern E:\c18v3.46\pic18-lt\cxx-framework\src\traditional\proc\p18f4550.asm
                      PCL   0x000ff9       data     extern E:\c18v3.46\pic18-lt\cxx-framework\src\traditional\proc\p18f4550.asm
                       PC   0x000ff9       data     extern E:\c18v3.46\pic18-lt\cxx-framework\src\traditional\proc\p18f4550.asm
                   PCLATH   0x000ffa       data     extern E:\c18v3.46\pic18-lt\cxx-framework\src\traditional\proc\p18f4550.asm
                   PCLATU   0x000ffb       data     extern E:\c18v3.46\pic18-lt\cxx-framework\src\traditional\proc\p18f4550.asm
                   STKPTR   0x000ffc       data     extern E:\c18v3.46\pic18-lt\cxx-framework\src\traditional\proc\p18f4550.asm
               STKPTRbits   0x000ffc       data     extern E:\c18v3.46\pic18-lt\cxx-framework\src\traditional\proc\p18f4550.asm
                      TOS   0x000ffd       data     extern E:\c18v3.46\pic18-lt\cxx-framework\src\traditional\proc\p18f4550.asm
                     TOSL   0x000ffd       data     extern E:\c18v3.46\pic18-lt\cxx-framework\src\traditional\proc\p18f4550.asm
                     TOSH   0x000ffe       data     extern E:\c18v3.46\pic18-lt\cxx-framework\src\traditional\proc\p18f4550.asm
                     TOSU   0x000fff       data     extern E:\c18v3.46\pic18-lt\cxx-framework\src\traditional\proc\p18f4550.asm


